✔ [587/603] Built Batteries.Control.AlternativeMonad (1.4s)
✔ [588/603] Built Mathlib.Tactic.Linter.HaveLetLinter (1.6s)
✔ [589/606] Built Mathlib.Tactic.FunProp.Types (1.9s)
✔ [590/606] Built Mathlib.Util.TermReduce (1.8s)
✔ [591/606] Built Mathlib.Tactic.Linter.MinImports (1.8s)
✔ [592/607] Built Batteries.Data.MLList.Basic (1.9s)
✔ [593/607] Built Mathlib.Tactic.Linter.PPRoundtrip (1.6s)
✔ [594/608] Built Mathlib.Tactic.IrreducibleDef (2.7s)
✔ [595/608] Built Mathlib.Tactic.Linter.UpstreamableDecl (1.3s)
✔ [596/609] Built Mathlib.Tactic.Observe (1.6s)
✔ [597/609] Built Batteries.Control.Nondet.Basic (1.0s)
✔ [598/610] Built Mathlib.Tactic.RSuffices (1.2s)
✔ [599/610] Built Mathlib.Tactic.FunProp.Theorems (2.7s)
✔ [600/610] Built Mathlib.Tactic.Linter (917ms)
✔ [601/612] Built Mathlib.Tactic.Recover (1.6s)
✔ [602/612] Built Mathlib.Tactic.Relation.Rfl (1.0s)
✔ [603/613] Built Mathlib.Tactic.Hint (1.6s)
✔ [604/613] Built Mathlib.Tactic.Rename (1.2s)
✔ [605/614] Built Mathlib.Tactic.FunProp.Attr (1.1s)
✔ [606/615] Built Mathlib.Util.Tactic (1.0s)
✔ [607/615] Built Mathlib.Tactic.GCongr (1.3s)
✔ [608/616] Built Mathlib.Tactic.Says (2.1s)
✔ [609/617] Built Mathlib.Tactic.RenameBVar (1.6s)
✔ [610/618] Built Mathlib.Tactic.Set (2.1s)
✔ [611/619] Built Mathlib.Tactic.SimpIntro (1.7s)
✔ [612/620] Built Mathlib.Tactic.SuccessIfFailWithMsg (1.2s)
✔ [613/621] Built Mathlib.Tactic.SudoSetOption (1.2s)
✔ [614/622] Built Mathlib.Tactic.SwapVar (1.1s)
✔ [615/623] Built Mathlib.Tactic.ToLevel (832ms)
✔ [616/624] Built Mathlib.Tactic.ToFun (1.3s)
✔ [617/626] Built Mathlib.Tactic.Trace (1.0s)
✔ [618/626] Built Mathlib.Tactic.UnsetOption (977ms)
✔ [619/627] Built Mathlib.Tactic.FunProp.Core (7.5s)
✔ [620/628] Built Mathlib.Tactic.Widget.CongrM (1.3s)
✔ [621/628] Built Mathlib.Tactic.Variable (3.1s)
✔ [622/629] Built Mathlib.Tactic.Widget.Calc (3.2s)
✔ [623/630] Built Mathlib.Tactic.FunProp.Elab (2.4s)
✔ [624/634] Built Mathlib.Tactic.WLOG (1.8s)
✔ [625/634] Built Mathlib.Util.CountHeartbeats (2.4s)
✔ [626/634] Built Mathlib.Util.PrintSorries (1.7s)
✔ [627/634] Built Mathlib.Util.TransImports (1.1s)
✔ [628/639] Built Mathlib.Tactic.Widget.LibraryRewrite (5.4s)
✔ [629/644] Built Mathlib.Tactic.FunProp (908ms)
✔ [630/644] Built Mathlib.Util.WhatsNew (1.5s)
✔ [631/644] Built Mathlib.Util.AtomM (1.5s)
✔ [632/647] Built Mathlib.Algebra.Group.TypeTags.Hom (2.4s)
✔ [633/647] Built Mathlib.Data.List.TFAE (1.3s)
✔ [634/648] Built Mathlib.Algebra.GroupWithZero.Nat (1.2s)
✔ [635/648] Built Mathlib.Tactic.Common (1.7s)
✔ [636/648] Built Mathlib.Algebra.Group.Nat.Hom (1.8s)
✔ [637/648] Built Mathlib.Algebra.Group.Hom.Instances (5.3s)
✔ [638/648] Built Mathlib.Algebra.Ring.Nat (1.4s)
✔ [639/656] Built Mathlib.Algebra.Ring.Semiconj (1.5s)
✔ [640/656] Built Mathlib.Data.Int.Sqrt (1.9s)
✔ [641/657] Built Mathlib.Algebra.GroupWithZero.InjSurj (2.3s)
✔ [642/657] Built Mathlib.Algebra.Divisibility.Basic (2.9s)
✔ [643/657] Built Mathlib.Data.Bracket (1.1s)
✔ [644/659] Built Mathlib.Tactic.TFAE (4.9s)
✔ [645/659] Built Mathlib.Algebra.Order.Group.Int (1.4s)
✔ [646/659] Built Mathlib.Algebra.Divisibility.Hom (1.7s)
✔ [647/663] Built Mathlib.Algebra.Group.Int.Even (2.7s)
✔ [648/667] Built Mathlib.Order.Bounds.Defs (1.4s)
✔ [649/667] Built Mathlib.Data.Int.Basic (1.7s)
✔ [650/667] Built Mathlib.Algebra.Ring.Basic (2.9s)
✔ [651/667] Built Mathlib.Data.Nat.Cast.NeZero (1.4s)
✔ [652/667] Built Mathlib.Algebra.Ring.Divisibility.Basic (3.0s)
✔ [653/670] Built Mathlib.Algebra.Ring.Int.Defs (2.1s)
✔ [654/670] Built Mathlib.Data.Int.GCD (3.9s)
✔ [655/673] Built Mathlib.Algebra.Ring.InjSurj (8.6s)
✔ [656/676] Built Mathlib.Algebra.Order.Group.Unbundled.Int (2.5s)
✔ [657/676] Built Mathlib.Algebra.Group.Nat.Units (1.4s)
✔ [658/678] Built Mathlib.Order.Interval.Set.Defs (1.7s)
✔ [659/678] Built Mathlib.Data.Option.NAry (1.9s)
✔ [660/678] Built Mathlib.Algebra.Group.Int.Units (2.2s)
✔ [661/678] Built Mathlib.Algebra.Group.WithOne.Defs (3.1s)
✔ [662/682] Built Mathlib.Algebra.Ring.Hom.Defs (5.6s)
✔ [663/682] Built Mathlib.Algebra.GroupWithZero.Equiv (1.4s)
✔ [664/684] Built Mathlib.Algebra.Group.WithOne.Map (1.7s)
✔ [665/684] Built Mathlib.Algebra.Ring.Units (1.0s)
✔ [666/684] Built Mathlib.Algebra.Order.Monoid.Canonical.Defs (2.6s)
✔ [667/686] Built Mathlib.Data.Nat.Cast.Basic (2.3s)
✔ [668/686] Built Mathlib.Order.TypeTags (1.4s)
✔ [669/687] Built Mathlib.Algebra.Ring.Int.Units (1.2s)
✔ [670/687] Built Mathlib.Algebra.Regular.Basic (2.4s)
✔ [671/687] Built Mathlib.Algebra.Order.Group.Nat (1.6s)
✔ [672/687] Built Mathlib.Algebra.Ring.Commute (2.8s)
✔ [673/691] Built Mathlib.Algebra.GroupWithZero.WithZero (5.7s)
✔ [674/691] Built Mathlib.Algebra.Order.Monoid.Units (2.2s)
✔ [675/691] Built Mathlib.Data.Nat.Cast.Order.Basic (3.0s)
✔ [676/691] Built Mathlib.Algebra.Order.Group.Units (1.3s)
✔ [677/695] Built Mathlib.Algebra.Order.Monoid.OrderDual (1.5s)
✔ [678/695] Built Mathlib.Data.Nat.Cast.Commute (1.7s)
✔ [679/695] Built Mathlib.Algebra.Order.Monoid.Unbundled.TypeTags (2.4s)
✔ [680/695] Built Mathlib.Algebra.Order.Sub.Unbundled.Basic (2.6s)
✔ [681/700] Built Mathlib.Algebra.Order.Monoid.TypeTags (1.7s)
✔ [682/703] Built Mathlib.Algebra.Order.Sub.Basic (2.6s)
✔ [683/703] Built Mathlib.Algebra.Group.Invertible.Defs (2.5s)
✔ [684/704] Built Mathlib.Algebra.Order.GroupWithZero.Synonym (1.8s)
✔ [685/704] Built Mathlib.Algebra.Ring.Parity (7.2s)
✔ [686/704] Built Mathlib.Tactic.HaveI (1.2s)
✔ [687/704] Built Mathlib.Lean.Expr.Rat (1.1s)
✔ [688/708] Built Mathlib.Algebra.Group.Invertible.Basic (1.9s)
✔ [689/712] Built Mathlib.Algebra.GroupWithZero.Invertible (2.2s)
✔ [690/712] Built Mathlib.Algebra.Order.Ring.Basic (3.3s)
✔ [691/712] Built Batteries.Classes.RatCast (732ms)
✔ [692/714] Built Mathlib.Algebra.Ring.Int.Parity (4.7s)
✔ [693/714] Built Mathlib.Util.Qq (1.3s)
✔ [694/714] Built Mathlib.Data.Rat.Init (1.3s)
✔ [695/717] Built Mathlib.Algebra.Ring.Invertible (2.4s)
✔ [696/717] Built Mathlib.Order.WithBot (18s)
✔ [697/717] Built Mathlib.Algebra.Order.Ring.Int (2.8s)
✔ [698/717] Built Mathlib.Algebra.Order.Ring.Synonym (2.4s)
✔ [699/717] Built Mathlib.Algebra.Field.Defs (1.0s)
✔ [700/718] Built Mathlib.Algebra.GroupWithZero.Units.Equiv (1.6s)
✔ [701/718] Built Mathlib.Data.Set.Monotone (2.7s)
✔ [702/719] Built Mathlib.Algebra.Field.Basic (6.2s)
✔ [703/719] Built Mathlib.Tactic.NormNum.Result (6.1s)
✔ [704/719] Built Mathlib.Data.Set.NAry (4.7s)
✔ [705/723] Built Mathlib.Algebra.Order.GroupWithZero.OrderIso (2.1s)
✔ [706/726] Built Mathlib.Algebra.Order.Monoid.Unbundled.WithTop (9.5s)
✔ [707/726] Built Mathlib.Util.PPOptions (1.0s)
✔ [708/726] Built Mathlib.Order.Antisymmetrization (3.5s)
✔ [709/731] Built Mathlib.Tactic.NormNum.Core (3.9s)
✔ [710/731] Built Mathlib.Order.BoundedOrder.Monotone (1.6s)
✔ [711/732] Built Mathlib.Algebra.Order.Monoid.WithTop (1.6s)
✔ [712/732] Built Mathlib.Order.WellFounded (2.0s)
✔ [713/732] Built Mathlib.Logic.Equiv.Set (5.9s)
✔ [714/733] Built Mathlib.Util.Delaborators (6.3s)
✔ [715/734] Built Mathlib.Algebra.Order.AddGroupWithTop (3.3s)
✔ [716/734] Built Mathlib.Order.Interval.Set.Basic (10s)
✔ [717/734] Built Mathlib.Algebra.Order.Group.MinMax (3.8s)
✔ [718/734] Built Mathlib.Order.Directed (4.9s)
✔ [719/737] Built Mathlib.Algebra.GroupWithZero.Pi (1.6s)
✔ [720/737] Built Mathlib.Order.Hom.Set (6.7s)
✔ [721/739] Built Mathlib.Algebra.Group.Pi.Lemmas (8.1s)
✔ [722/743] Built Mathlib.Control.ULift (1.6s)
✔ [723/743] Built Mathlib.Data.ULift (2.0s)
✔ [724/743] Built Mathlib.Algebra.Order.GroupWithZero.Canonical (11s)
✔ [725/748] Built Mathlib.Order.Bounds.Basic (9.6s)
✔ [726/748] Built Mathlib.Algebra.Ring.Equiv (9.8s)
✔ [727/750] Built Mathlib.Algebra.Order.Ring.Nat (1.6s)
✔ [728/750] Built Mathlib.Algebra.GroupWithZero.Opposite (1.8s)
✔ [729/750] Built Mathlib.Algebra.Group.Action.Opposite (2.7s)
✔ [730/752] Built Mathlib.Order.Bounds.Image (4.4s)
✔ [731/752] Built Mathlib.Algebra.Ring.CompTypeclasses (1.0s)
✔ [732/754] Built Mathlib.Order.SetNotation (6.3s)
✔ [733/754] Built Mathlib.Data.Nat.Cast.Order.Ring (2.1s)
✔ [734/754] Built Mathlib.Order.Bounds.OrderIso (1.6s)
✔ [735/754] Built Mathlib.Data.Rat.Defs (2.5s)
✔ [736/754] Built Mathlib.Algebra.GroupWithZero.Action.Defs (3.0s)
✔ [737/754] Built Mathlib.Algebra.Ring.Pi (4.0s)
✔ [738/754] Built Mathlib.Order.CompleteLattice.Defs (3.8s)
✔ [739/754] Built Mathlib.Algebra.Order.Ring.Cast (2.8s)
✔ [740/757] Built Mathlib.Algebra.Order.Invertible (2.3s)
✔ [741/757] Built Mathlib.Algebra.Ring.Rat (2.3s)
✔ [742/757] Built Mathlib.Algebra.Order.Ring.Abs (4.5s)
✔ [743/757] Built Mathlib.Algebra.Ring.Action.Rat (1.6s)
✔ [744/757] Built Mathlib.GroupTheory.GroupAction.Ring (1.4s)
✔ [745/760] Built Mathlib.Algebra.Order.Ring.Unbundled.Rat (4.9s)
✔ [746/760] Built Mathlib.Algebra.Order.Ring.Rat (1.8s)
✔ [747/760] Built Mathlib.Algebra.Order.Nonneg.Basic (3.7s)
✔ [748/760] Built Mathlib.Algebra.Group.Semiconj.Basic (1.7s)
✔ [749/762] Built Mathlib.Data.Int.Cast.Lemmas (3.9s)
✔ [750/762] Built Mathlib.Tactic.Positivity.Core (8.8s)
✔ [751/765] Built Mathlib.Data.NNRat.Defs (4.5s)
✔ [752/765] Built Mathlib.Algebra.Group.Commute.Basic (2.2s)
✔ [753/765] Built Mathlib.Order.CompleteLattice.Basic (11s)
✔ [754/765] Built Mathlib.Algebra.Divisibility.Units (2.7s)
✔ [755/769] Built Mathlib.Data.PNat.Notation (1.2s)
✔ [756/769] Built Mathlib.Algebra.Field.Rat (2.5s)
✔ [757/769] Built Mathlib.Algebra.Order.AbsoluteValue.Basic (5.6s)
✔ [758/769] Built Mathlib.Algebra.GroupWithZero.Divisibility (3.1s)
✔ [759/772] Built Mathlib.Data.Setoid.Basic (3.9s)
✔ [760/774] Built Mathlib.Data.Ineq (991ms)
✔ [761/774] Built Mathlib.Data.Nat.Find (2.8s)
✔ [762/774] Built Mathlib.Data.PNat.Defs (2.7s)
✔ [763/774] Built Mathlib.Util.SynthesizeUsing (1.9s)
✔ [764/774] Built Mathlib.Tactic.Linarith.Lemmas (2.9s)
✔ [765/779] Built Mathlib.Order.Nat (1.3s)
✔ [766/779] Built Mathlib.Algebra.Order.Field.Basic (13s)
✔ [767/780] Built Mathlib.Tactic.Linarith.Oracle.SimplexAlgorithm.Datatypes (1.7s)
✔ [768/780] Built Mathlib.Data.Rat.Lemmas (3.3s)
✔ [769/782] Built Mathlib.Lean.Meta.Tactic.Rewrite (1.2s)
✔ [770/784] Built Mathlib.Tactic.Linarith.Oracle.SimplexAlgorithm.SimplexAlgorithm (2.1s)
✔ [771/784] Built Mathlib.Tactic.Linarith.Oracle.SimplexAlgorithm.Gauss (1.7s)
✔ [772/784] Built Mathlib.Tactic.NormNum.Basic (10s)
✔ [773/784] Built Mathlib.Data.Tree.Basic (2.3s)
✔ [774/786] Built Mathlib.Tactic.Zify (1.7s)
✔ [775/786] Built Mathlib.Tactic.Linarith.Oracle.SimplexAlgorithm.PositiveVector (1.5s)
✔ [776/791] Built Mathlib.Data.Rat.Cast.Defs (4.0s)
✔ [777/793] Built Mathlib.Tactic.Linarith.Datatypes (3.0s)
✔ [778/793] Built Mathlib.Data.Rat.Cast.CharZero (3.2s)
✔ [779/793] Built Mathlib.Algebra.Order.CauSeq.Basic (13s)
✔ [780/793] Built Mathlib.Tactic.CancelDenoms.Core (6.1s)
✔ [781/793] Built Mathlib.Tactic.Linarith.Parsing (3.4s)
✔ [782/793] Built Mathlib.Util.ElabWithoutMVars (900ms)
✔ [783/793] Built Mathlib.Tactic.Linarith.Oracle.SimplexAlgorithm (2.5s)
✔ [784/793] Built Mathlib.Tactic.NormNum.Pow (5.5s)
✔ [785/793] Built Mathlib.Tactic.NormNum.Inv (4.5s)
✔ [786/795] Built Mathlib.Tactic.Linarith.Verification (3.0s)
✔ [787/798] Built Mathlib.Tactic.Linarith.Preprocessing (4.6s)
✔ [788/802] Built Mathlib.Algebra.Order.CauSeq.Completion (6.2s)
✔ [789/803] Built Mathlib.Data.Bool.Set (1.4s)
✔ [790/803] Built Mathlib.Data.Nat.Set (1.4s)
✔ [791/803] Built Mathlib.Algebra.Order.Ring.Canonical (2.1s)
✔ [792/806] Built Mathlib.Order.ConditionallyCompleteLattice.Defs (2.1s)
✔ [793/806] Built Mathlib.Order.GaloisConnection.Basic (5.2s)
✔ [794/807] Built Mathlib.Order.CompleteLattice.Lemmas (3.5s)
✔ [795/807] Built Mathlib.Data.Real.Basic (6.3s)
✔ [796/807] Built Mathlib.Algebra.Order.Field.Canonical (1.9s)
✔ [797/809] Built Mathlib.Order.ConditionallyCompletePartialOrder.Defs (1.6s)
✔ [798/812] Built Mathlib.Data.Set.Order (2.9s)
✔ [799/812] Built Mathlib.Order.LatticeIntervals (3.7s)
✔ [800/815] Built Mathlib.Tactic.Ring.Common (17s)
✔ [801/815] Built Mathlib.Order.Interval.Set.Image (4.2s)
✔ [802/815] Built Mathlib.Lean.Expr.ExtraRecognizers (1.4s)
✔ [803/815] Built Mathlib.Order.CompleteBooleanAlgebra (11s)
✔ [804/822] Built Mathlib.Data.Set.Pairwise.Basic (4.1s)
✔ [805/822] Built Mathlib.Order.Interval.Set.LinearOrder (9.3s)
✔ [806/829] Built Mathlib.Data.Set.Notation (2.0s)
✔ [807/829] Built Mathlib.Tactic.SetLike (902ms)
✔ [808/830] Built Mathlib.Data.Set.BooleanAlgebra (1.4s)
✔ [809/830] Built Mathlib.Algebra.Order.Monoid.Basic (1.7s)
✔ [810/830] Built Mathlib.Tactic.Ring.Basic (8.7s)
✔ [811/830] Built Mathlib.Algebra.Order.Positive.Ring (2.6s)
✔ [812/830] Built Mathlib.Data.SetLike.Basic (2.7s)
✔ [813/830] Built Mathlib.Order.Interval.Set.UnorderedInterval (5.5s)
✔ [814/833] Built Mathlib.Tactic.NormNum.Abs (3.2s)
✔ [815/833] Built Mathlib.Algebra.Order.Ring.InjSurj (1.0s)
✔ [816/833] Built Mathlib.Order.Interval.Set.OrderEmbedding (2.4s)
✔ [817/833] Built Mathlib.Order.Preorder.Chain (4.5s)
✔ [818/836] Built Mathlib.Tactic.Linarith.Frontend (6.5s)
✔ [819/836] Built Mathlib.Tactic.NormNum.Eq (3.5s)
✔ [820/837] Built Mathlib.Data.Set.Lattice (10s)
✔ [821/838] Built Mathlib.Algebra.Notation (1.5s)
✔ [822/838] Built Mathlib.Order.Antichain (3.5s)
✔ [823/846] Built Mathlib.Order.ConditionallyCompletePartialOrder.Basic (2.5s)
✔ [824/846] Built Mathlib.Data.Nat.Factorial.Basic (4.0s)
✔ [825/846] Built Mathlib.Algebra.Notation.Support (4.2s)
✔ [826/846] Built Mathlib.Data.Int.Cast.Field (1.3s)
✔ [827/846] Built Mathlib.Tactic.NormNum.Ineq (7.2s)
✔ [828/846] Built Mathlib.Algebra.Order.Group.PosPart (5.5s)
✔ [829/849] Built Mathlib.Data.Int.Cast.Pi (1.5s)
✔ [830/849] Built Mathlib.Order.Interval.Set.OrdConnected (3.7s)
✔ [831/853] Built Mathlib.Data.Int.CharZero (2.1s)
✔ [832/853] Built Mathlib.Data.PNat.Equiv (1.8s)
✔ [833/853] Built Mathlib.Tactic.NormNum.DivMod (3.7s)
✔ [834/853] Built Mathlib.Tactic.TryThis (1.2s)
✔ [835/853] Built Mathlib.Util.AtomM.Recurse (1.6s)
✔ [836/853] Built Mathlib.Order.ConditionallyCompleteLattice.Basic (7.0s)
✔ [837/853] Built Mathlib.Data.PNat.Basic (3.7s)
✔ [838/857] Built Mathlib.Tactic.Ring.RingNF (5.6s)
✔ [839/859] Built Mathlib.Tactic.Ring.PNat (3.1s)
✔ [840/861] Built Batteries.Control.ForInStep.Lemmas (723ms)
✔ [841/861] Built Mathlib.Order.CompleteLatticeIntervals (6.1s)
✔ [842/861] Built Mathlib.Tactic.Ring (1.6s)
✔ [843/862] Built Mathlib.Control.Functor (1.7s)
✔ [844/867] Built Mathlib.Data.List.Monad (1.0s)
✔ [845/867] Built Mathlib.Algebra.Order.Nonneg.Lattice (2.5s)
✔ [846/867] Built Mathlib.Data.List.Defs (3.1s)
✔ [847/876] Built Mathlib.Data.List.InsertIdx (2.4s)
✔ [848/877] Built Mathlib.Algebra.Order.Nonneg.Ring (2.9s)
✔ [849/877] Built Mathlib.Data.Set.List (2.0s)
✔ [850/880] Built Mathlib.Data.Finset.Attr (987ms)
✔ [851/885] Built Batteries.Data.List.Pairwise (1.5s)
✔ [852/888] Built Mathlib.Algebra.Order.Nonneg.Field (4.0s)
✔ [853/888] Built Mathlib.Tactic.Positivity.Basic (21s)
✔ [854/893] Built Mathlib.Algebra.Order.Field.Rat (1.9s)
✔ [855/894] Built Mathlib.Data.Rat.Cast.Lemmas (2.2s)
✔ [856/895] Built Batteries.Data.List.Lemmas (14s)
✔ [857/895] Built Mathlib.Data.List.TakeDrop (5.8s)
✔ [858/895] Built Mathlib.Tactic.NormNum.OfScientific (2.5s)
✔ [859/905] Built Mathlib.Data.List.Induction (3.1s)
✔ [860/914] Built Mathlib.Data.Finite.Defs (1.5s)
✔ [861/914] Built Batteries.Data.List.Count (2.2s)
✔ [862/914] Built Mathlib.Data.Rat.Cast.Order (5.7s)
✔ [863/916] Built Mathlib.Data.Int.DivMod (1.2s)
✔ [864/922] Built Batteries.Data.Fin.Basic (2.1s)
✔ [865/922] Built Mathlib.Tactic.NormNum (1.0s)
✔ [866/922] Built Batteries.Data.List.Perm (3.5s)
✔ [867/924] Built Mathlib.Tactic.Linarith (2.8s)
✔ [868/924] Built Batteries.Data.Fin.Lemmas (3.8s)
✔ [869/924] Built Mathlib.Data.Fin.Basic (4.9s)
✔ [870/926] Built Mathlib.Data.List.Basic (10s)
✔ [871/927] Built Mathlib.Data.List.Count (1.7s)
✔ [872/927] Built Mathlib.Algebra.BigOperators.Group.List.Defs (1.4s)
✔ [873/927] Built CathedralArkhe.T1.Mobius (2.3s)
✔ [874/929] Built Mathlib.Data.List.Infix (3.7s)
✔ [875/939] Built Mathlib.Data.List.Lattice (4.1s)
✔ [876/940] Built Mathlib.Data.List.Forall2 (5.2s)
✔ [877/940] Built Mathlib.Data.Fin.SuccPred (9.3s)
✔ [878/940] Built Mathlib.Data.List.MinMax (6.4s)
✔ [879/940] Built Mathlib.Order.Hom.Bounded (6.0s)
✔ [880/940] Built Mathlib.Data.List.Perm.Basic (3.4s)
✔ [881/940] Built Mathlib.Order.Hom.Lattice (6.8s)
✔ [882/940] Built Mathlib.Data.Fin.Embedding (2.7s)
✔ [883/940] Built Mathlib.Data.Fin.Rev (2.8s)
✔ [884/940] Built Mathlib.Data.List.Nodup (6.2s)
✔ [885/940] Built Mathlib.Data.Set.Sigma (5.9s)
✔ [886/940] Built Mathlib.Data.List.Perm.Subperm (1.6s)
✔ [887/940] Built Mathlib.Data.List.Perm.Lattice (2.5s)
✔ [888/941] Built Mathlib.Order.Fin.Basic (4.1s)
✔ [889/941] Built Mathlib.Data.List.Dedup (2.5s)
✔ [890/942] Built Mathlib.Algebra.BigOperators.Group.List.Basic (7.6s)
✔ [891/942] Built Mathlib.Order.Hom.BoundedLattice (7.4s)
✔ [892/942] Built Mathlib.Data.Multiset.Defs (3.2s)
✔ [893/945] Built Mathlib.Data.List.Flatten (2.3s)
✔ [894/945] Built Mathlib.Algebra.Order.BigOperators.Group.List (4.7s)
✔ [895/946] Built Mathlib.Data.List.Pairwise (4.7s)
✔ [896/948] Built Mathlib.Data.Multiset.ZeroCons (6.1s)
✔ [897/948] Built Mathlib.Data.Finset.Defs (3.7s)
✔ [898/953] Built Mathlib.Data.List.Lex (3.1s)
✔ [899/953] Built Mathlib.Data.Fin.Tuple.Basic (10s)
✔ [900/956] Built Mathlib.Data.Multiset.Basic (2.5s)
✔ [901/956] Built Mathlib.Data.List.ProdSigma (2.3s)
✔ [902/956] Built Mathlib.Data.Multiset.Count (3.3s)
✔ [903/956] Built Mathlib.Data.List.Rotate (4.7s)
✔ [904/956] Built Mathlib.Data.Finset.Empty (2.7s)
✔ [905/956] Built Mathlib.Data.List.OfFn (4.0s)
✔ [906/957] Built Mathlib.Data.List.Chain (7.6s)
✔ [907/957] Built Mathlib.Algebra.Group.Prod (17s)
✔ [908/963] Built Mathlib.Data.List.FinRange (10s)
✔ [909/963] Built Mathlib.Data.Multiset.AddSub (13s)
✔ [910/963] Built Mathlib.Data.Set.Lattice.Image (16s)
✔ [911/967] Built Mathlib.Data.List.Range (4.5s)
✔ [912/967] Built Mathlib.Data.List.Enum (3.7s)
✔ [913/967] Built Mathlib.Data.Multiset.Replicate (4.3s)
✔ [914/967] Built Mathlib.Data.Nat.Choose.Basic (8.5s)
✔ [915/971] Built Mathlib.Data.List.Zip (5.8s)
✔ [916/971] Built Mathlib.Algebra.BigOperators.Group.List.Lemmas (7.3s)
✔ [917/972] Built Mathlib.Data.List.OffDiag (8.5s)
✔ [918/976] Built Mathlib.Algebra.Order.Ring.NNRat (5.6s)
✔ [919/977] Built Mathlib.Data.List.Sublists (7.9s)
✔ [920/980] Built Mathlib.Data.Multiset.MapFold (9.3s)
✔ [921/980] Built Mathlib.Data.Int.Order.Units (5.0s)
✔ [922/980] Built Mathlib.Algebra.Group.Irreducible.Defs (2.7s)
✔ [923/980] Built Mathlib.Algebra.Group.Fin.Basic (3.0s)
✔ [924/980] Built Mathlib.Data.Finset.Attach (3.7s)
✔ [925/984] Built Mathlib.Data.Multiset.Filter (6.4s)
✔ [926/984] Built Mathlib.Algebra.Group.ULift (5.9s)
✔ [927/984] Built Mathlib.Algebra.Prime.Defs (3.0s)
✔ [928/984] Built Mathlib.Data.Finset.Filter (5.2s)
✔ [929/984] Built Mathlib.Algebra.BigOperators.Group.Multiset.Defs (5.2s)
✔ [930/986] Built Mathlib.Algebra.Group.ModEq (6.8s)
✔ [931/986] Built Mathlib.Algebra.Ring.Opposite (11s)
✔ [932/986] Built Mathlib.Data.Finset.Erase (4.8s)
✔ [933/986] Built Mathlib.Data.Nat.GCD.Basic (10s)
✔ [934/986] Built Mathlib.Data.Multiset.UnionInter (11s)
✔ [935/986] Built Mathlib.Algebra.Ring.ULift (11s)
✔ [936/986] Built Mathlib.Data.Nat.Prime.Defs (9.5s)
✔ [937/986] Built Mathlib.Data.Nat.Cast.Prod (3.5s)
✔ [938/986] Built Mathlib.Data.Multiset.Dedup (4.2s)
✔ [939/986] Built Mathlib.Data.Multiset.Range (4.7s)
✔ [940/986] Built Mathlib.Data.Fintype.Defs (8.3s)
✔ [941/986] Built Mathlib.Data.Nat.ModEq (8.9s)
✔ [942/991] Built Mathlib.Data.Finset.Dedup (5.1s)
✔ [943/991] Built Mathlib.Data.Multiset.Fold (5.6s)
✔ [944/991] Built Mathlib.Algebra.CharP.Defs (7.8s)
✔ [945/991] Built Mathlib.Data.Multiset.FinsetOps (5.1s)
✔ [946/991] Built Mathlib.Data.List.Duplicate (4.9s)
✔ [947/993] Built Mathlib.Data.Int.ModEq (7.1s)
✔ [948/993] Built Mathlib.Algebra.Order.BigOperators.Group.Multiset (8.7s)
✔ [949/993] Built Mathlib.Algebra.Order.Group.Multiset (7.5s)
✔ [950/993] Built Mathlib.Data.List.Sort (14s)
✔ [951/993] Built Mathlib.Data.Multiset.Lattice (6.2s)
✔ [952/993] Built Mathlib.Data.Finset.Lattice.Basic (7.6s)
✔ [953/993] Built Mathlib.Data.Finset.Insert (13s)
✔ [954/993] Built Mathlib.Algebra.CharP.Basic (6.8s)
✔ [955/993] Built Mathlib.Data.Multiset.Sum (4.2s)
✔ [956/994] Built Mathlib.Logic.Embedding.Set (5.7s)
✔ [957/994] Built Mathlib.Data.Multiset.OrderedMonoid (3.7s)
✔ [958/994] Built Mathlib.Algebra.BigOperators.Group.Multiset.Basic (7.0s)
✔ [959/994] Built Mathlib.Data.List.NodupEquivFin (5.7s)
✔ [960/995] Built Mathlib.Data.Finset.Lattice.Lemmas (5.6s)
✔ [961/996] Built Mathlib.Data.Finset.Range (5.9s)
✔ [963/996] Built Mathlib.Data.Finset.SDiff (6.7s)
✔ [964/996] Built Mathlib.Data.Finset.Disjoint (5.8s)
✔ [965/996] Built Mathlib.Data.ENat.Defs (3.7s)
✔ [966/996] Built Mathlib.Algebra.Order.Sub.WithTop (4.7s)
✔ [967/999] Built Mathlib.Data.Multiset.Powerset (5.4s)
✔ [968/1003] Built Mathlib.Algebra.Order.Ring.WithTop (16s)
✔ [969/1004] Built Mathlib.Data.Finset.Basic (14s)
✔ [970/1009] Built Mathlib.Data.Finset.Image (14s)
✔ [971/1009] Built Mathlib.Order.Interval.Set.WithBotTop (8.3s)
✔ [972/1009] Built Mathlib.Order.Hom.WithTopBot (14s)
✔ [973/1009] Built Mathlib.Order.Iterate (3.6s)
✔ [974/1009] Built Mathlib.Data.Fintype.OfMap (4.7s)
✔ [976/1009] Built Mathlib.Data.Finset.Fold (5.1s)
✔ [977/1009] Built Mathlib.Data.Finset.BooleanAlgebra (7.4s)
✔ [978/1012] Built Mathlib.Data.Fintype.Sets (10s)
✔ [979/1012] Built Mathlib.Data.Finset.Union (12s)
✔ [980/1012] Built Mathlib.Data.Finset.Card (25s)
✔ [981/1012] Built Mathlib.Data.Fintype.Basic (8.2s)
✔ [982/1012] Built Mathlib.Order.Cover (20s)
✔ [983/1012] Built Mathlib.Data.Finset.Option (4.9s)
✔ [984/1012] Built Mathlib.Data.Finset.Prod (10s)
✔ [985/1012] Built Mathlib.Data.Finset.Sum (9.5s)
✔ [986/1012] Built Mathlib.Algebra.BigOperators.Group.Finset.Defs (22s)
✔ [987/1012] Built Mathlib.Algebra.Order.Hom.Monoid (18s)
✔ [988/1014] Built Mathlib.Data.Fintype.Card (7.5s)
✔ [989/1014] Built Mathlib.Order.CompleteLattice.Finset (8.8s)
✔ [990/1016] Built Mathlib.Order.SuccPred.Basic (19s)
✔ [991/1016] Built Mathlib.Algebra.Order.Hom.MonoidWithZero (10s)
✔ [992/1016] Built Mathlib.Data.Finset.Lattice.Fold (24s)
✔ [997/1016] Built Mathlib.Data.Fintype.EquivFin (7.3s)
✔ [998/1018] Built Mathlib.Data.Finset.Sigma (6.6s)
✔ [1000/1018] Built Mathlib.Algebra.Order.Hom.Ring (9.4s)
✔ [1001/1019] Built Mathlib.Data.Finset.Density (17s)
✔ [1002/1019] Built Mathlib.Algebra.BigOperators.Group.Finset.Basic (33s)
✔ [1003/1019] Built Mathlib.Data.Fintype.Sum (5.5s)
✔ [1004/1019] Built Mathlib.Data.Fintype.Prod (4.6s)
✔ [1005/1021] Built Mathlib.Data.ZMod.Defs (5.0s)
✔ [1006/1021] Built Mathlib.Data.Countable.Small (2.7s)
✔ [1007/1021] Built Mathlib.Data.Finset.Piecewise (4.8s)
✔ [1008/1021] Built Mathlib.Algebra.BigOperators.Option (3.8s)
✔ [1009/1021] Built Mathlib.Order.SuccPred.Limit (14s)
✔ [1010/1022] Built Mathlib.Algebra.BigOperators.Group.Finset.Sigma (5.6s)
✔ [1011/1022] Built Mathlib.Data.Fintype.Option (4.3s)
✔ [1012/1022] Built Mathlib.Data.Fintype.Sigma (7.2s)
✔ [1013/1027] Built Mathlib.Algebra.BigOperators.Group.Finset.Piecewise (12s)
✔ [1014/1027] Built Mathlib.Algebra.Order.SuccPred (13s)
✔ [1015/1027] Built Mathlib.Data.Set.Finite.Basic (13s)
✔ [1016/1029] Built Mathlib.Data.Multiset.Pi (7.3s)
✔ [1017/1031] Built Mathlib.Logic.Function.DependsOn (5.6s)
✔ [1018/1031] Built Mathlib.Data.Nat.SuccPred (4.8s)
✔ [1019/1035] Built Mathlib.Control.Applicative (3.8s)
✔ [1020/1035] Built Mathlib.Data.Vector.Defs (5.1s)
✔ [1021/1035] Built Mathlib.Algebra.Order.BigOperators.Group.Finset (22s)
✔ [1022/1035] Built Mathlib.Control.Traversable.Basic (3.0s)
✔ [1023/1036] Built Mathlib.Data.Finset.Pi (6.8s)
✔ [1024/1036] Built Mathlib.Tactic.ApplyFun (6.1s)
✔ [1025/1039] Built Mathlib.Tactic.Positivity.Finset (8.1s)
✔ [1026/1039] Built Mathlib.Data.ENat.Basic (13s)
✔ [1027/1039] Built Mathlib.Data.Fintype.Pi (7.6s)
✔ [1028/1039] Built Mathlib.Data.Finset.Lattice.Union (6.1s)
✔ [1029/1039] Built Mathlib.Data.Vector.Basic (11s)
✔ [1030/1039] Built Mathlib.Tactic.Positivity (4.8s)
✔ [1031/1040] Built Mathlib.Data.Set.Pairwise.Lattice (6.3s)
✔ [1032/1042] Built Mathlib.Data.ENat.Pow (5.1s)
✔ [1033/1043] Built Mathlib.Data.Finite.Prod (5.8s)
✔ [1034/1047] Built Mathlib.Data.Nat.Bits (5.7s)
✔ [1035/1047] Built Mathlib.Data.Nat.Pairing (5.3s)
✔ [1036/1050] Built Mathlib.Data.Sym.Basic (10s)
✔ [1037/1051] Built Mathlib.Data.Nat.Order.Lemmas (3.2s)
✔ [1038/1052] Built Mathlib.Data.Finset.Powerset (10s)
✔ [1040/1052] Built Mathlib.Logic.Equiv.Nat (3.6s)
✔ [1041/1052] Built Mathlib.Data.Fintype.Vector (4.4s)
✔ [1042/1052] Built Mathlib.Logic.UnivLE (2.3s)
✔ [1043/1053] Built Mathlib.Logic.Small.Set (4.1s)
✔ [1044/1053] Built Mathlib.Data.Countable.Basic (4.8s)
✔ [1045/1054] Built Mathlib.Logic.Encodable.Basic (7.4s)
✔ [1046/1054] Built Mathlib.Data.Fintype.BigOperators (8.8s)
✔ [1047/1058] Built Mathlib.Order.Minimal (13s)
✔ [1048/1058] Built Mathlib.Logic.Denumerable (7.1s)
✔ [1049/1058] Built Mathlib.Order.RelIso.Set (4.2s)
✔ [1050/1058] Built Mathlib.Order.Preorder.Finite (5.8s)
✔ [1051/1062] Built Mathlib.Data.Sum.Order (14s)
✔ [1052/1062] Built Mathlib.Data.Prod.Lex (10s)
✔ [1053/1062] Built Mathlib.Logic.Equiv.List (5.0s)
✔ [1054/1062] Built Mathlib.Order.ConditionallyCompletePartialOrder.Indexed (6.2s)
✔ [1055/1062] Built Mathlib.SetTheory.Cardinal.Defs (5.1s)
✔ [1056/1066] Built Mathlib.Order.UpperLower.Basic (15s)
✔ [1057/1067] Built Mathlib.Data.Set.Countable (7.0s)
✔ [1059/1068] Built Mathlib.Order.Hom.Lex (11s)
✔ [1060/1068] Built Mathlib.Order.Hom.Order (5.4s)
✔ [1061/1070] Built Mathlib.Algebra.Group.Equiv.TypeTags (8.9s)
✔ [1062/1074] Built Mathlib.Order.ConditionallyCompleteLattice.Indexed (15s)
✔ [1063/1074] Built Mathlib.Control.Monad.Basic (2.6s)
✔ [1064/1074] Built Mathlib.Order.InitialSeg (12s)
✔ [1065/1083] Built Mathlib.Order.SuccPred.CompleteLinearOrder (8.1s)
✔ [1067/1084] Built Mathlib.Data.Part (11s)
✔ [1068/1086] Built Mathlib.Order.Zorn (4.3s)
✔ [1069/1086] Built Mathlib.Algebra.Group.End (14s)
✔ [1070/1086] Built Mathlib.Order.ScottContinuity (5.5s)
✔ [1071/1086] Built Mathlib.Order.Part (3.5s)
✔ [1072/1091] Built Mathlib.Data.Int.Cast.Prod (2.7s)
✔ [1073/1091] Built Mathlib.Algebra.GroupWithZero.Prod (3.8s)
✔ [1074/1091] Built Mathlib.Dynamics.FixedPoints.Basic (3.7s)
✔ [1075/1091] Built Mathlib.Algebra.Group.Subsemigroup.Defs (5.6s)
✔ [1076/1091] Built Mathlib.Algebra.Group.Conj (6.7s)
✔ [1077/1105] Built Mathlib.Algebra.Ring.Prod (12s)
✔ [1078/1105] Built Mathlib.Algebra.Group.Subsemigroup.Basic (7.1s)
✔ [1079/1105] Built Mathlib.Algebra.Group.Submonoid.Defs (10s)
✔ [1080/1107] Built Mathlib.Order.OmegaCompletePartialOrder (13s)
✔ [1081/1107] Built Mathlib.Algebra.Module.Defs (5.2s)
✔ [1083/1109] Built Mathlib.Algebra.Group.Submonoid.Basic (7.0s)
✔ [1084/1109] Built Mathlib.Algebra.Group.Submonoid.MulAction (4.8s)
✔ [1085/1109] Built Mathlib.Algebra.Group.Action.Units (4.6s)
✔ [1086/1109] Built Mathlib.Algebra.Group.Subgroup.Defs (13s)
✔ [1088/1111] Built Mathlib.Algebra.Group.Pointwise.Set.Scalar (7.0s)
✔ [1089/1111] Built Mathlib.Algebra.Group.Center (18s)
✔ [1090/1112] Built Mathlib.Logic.Function.CompTypeclasses (2.6s)
✔ [1091/1112] Built Mathlib.Order.FixedPoints (6.9s)
✔ [1092/1112] Built Mathlib.Algebra.Group.Action.Basic (4.7s)
✔ [1093/1112] Built Mathlib.GroupTheory.Subsemigroup.Center (2.9s)
✔ [1094/1112] Built Mathlib.Algebra.Group.Hom.CompTypeclasses (3.6s)
✔ [1095/1120] Built Mathlib.Algebra.Regular.SMul (4.7s)
✔ [1096/1120] Built Mathlib.Algebra.Group.Action.TypeTags (2.9s)
✔ [1097/1120] Built Mathlib.SetTheory.Cardinal.SchroederBernstein (5.7s)
✔ [1098/1121] Built Mathlib.Algebra.GroupWithZero.Action.Units (3.5s)
✔ [1099/1121] Built Mathlib.Algebra.Group.Action.Pretransitive (3.9s)
✔ [1100/1121] Built Mathlib.GroupTheory.GroupAction.Defs (10s)
✔ [1101/1123] Built Mathlib.Algebra.CharP.Two (6.1s)
✔ [1102/1123] Built Mathlib.Algebra.Group.Action.Hom (5.4s)
✔ [1103/1124] Built Mathlib.SetTheory.Cardinal.Order (9.8s)
✔ [1104/1124] Built Mathlib.Algebra.GroupWithZero.Action.End (3.2s)
✔ [1105/1127] Built Mathlib.Algebra.Group.Submonoid.Operations (29s)
✔ [1106/1127] Built Mathlib.Algebra.Ring.Action.Basic (3.6s)
✔ [1107/1127] Built Mathlib.Algebra.Group.Support (4.2s)
✔ [1108/1128] Built Mathlib.GroupTheory.Submonoid.Center (7.6s)
✔ [1109/1129] Built Mathlib.SetTheory.Cardinal.Basic (14s)
✔ [1110/1129] Built Mathlib.Algebra.Group.Commute.Hom (1.4s)
✔ [1111/1131] Built Mathlib.Algebra.Group.Submonoid.Finite (2.4s)
✔ [1112/1131] Built Mathlib.Algebra.Group.Subgroup.Lattice (12s)
✔ [1113/1132] Built Mathlib.Data.Set.Finite.Range (2.5s)
✔ [1114/1133] Built Mathlib.SetTheory.Cardinal.ENat (4.3s)
✔ [1115/1133] Built Mathlib.Algebra.Group.Pointwise.Set.Basic (24s)
✔ [1116/1134] Built Mathlib.Algebra.Group.TransferInstance (3.1s)
✔ [1117/1134] Built Mathlib.Data.Finset.NoncommProd (4.0s)
✔ [1118/1134] Built Mathlib.SetTheory.Cardinal.ToNat (2.7s)
✔ [1119/1134] Built Mathlib.Algebra.Module.NatInt (3.0s)
✔ [1120/1134] Built Mathlib.Algebra.Group.Subgroup.Map (8.3s)
✔ [1121/1134] Built Mathlib.Algebra.Order.Group.Action (1.4s)
✔ [1122/1134] Built Mathlib.Algebra.Group.Pointwise.Set.Finite (2.8s)
✔ [1123/1142] Built Mathlib.Algebra.Group.Submonoid.BigOperators (3.1s)
✔ [1124/1143] Built Mathlib.SetTheory.Cardinal.Finite (3.9s)
✔ [1125/1143] Built Mathlib.Algebra.Group.Irreducible.Lemmas (2.1s)
✔ [1126/1143] Built Mathlib.GroupTheory.GroupAction.Hom (20s)
✔ [1127/1147] Built Mathlib.SetTheory.Cardinal.NatCard (2.4s)
✔ [1128/1148] Built Mathlib.Algebra.GroupWithZero.Units.Fintype (2.1s)
✔ [1129/1151] Built Mathlib.Algebra.Prime.Lemmas (2.7s)
✔ [1130/1151] Built Mathlib.Algebra.Group.Subgroup.Ker (10s)
✔ [1131/1152] Built Mathlib.Data.List.Permutation (6.1s)
✔ [1132/1152] Built Mathlib.Data.Finset.Max (7.7s)
✔ [1133/1152] Built Mathlib.Data.Set.Finite.Powerset (4.2s)
✔ [1134/1152] Built Mathlib.Algebra.GroupWithZero.Associated (7.4s)
✔ [1135/1152] Built Mathlib.Algebra.Group.Embedding (1.2s)
✔ [1136/1152] Built Mathlib.Data.Fintype.List (1.8s)
✔ [1137/1159] Built Mathlib.Algebra.Ring.Associated (2.1s)
✔ [1138/1159] Built Mathlib.Data.Nat.Prime.Basic (3.0s)
✔ [1139/1159] Built Mathlib.Data.Set.Finite.Lattice (5.1s)
✔ [1140/1159] Built Mathlib.Data.Finset.Preimage (4.6s)
✔ [1141/1161] Built Mathlib.Data.List.Cycle (11s)
✔ [1142/1162] Built Mathlib.Algebra.Group.Subgroup.Basic (17s)
✔ [1143/1162] Built Mathlib.Order.ConditionallyCompleteLattice.Finset (5.5s)
✔ [1144/1162] Built Mathlib.Algebra.GCDMonoid.Basic (14s)
✔ [1145/1162] Built Mathlib.Algebra.Notation.Indicator (3.8s)
✔ [1146/1162] Built Mathlib.Dynamics.PeriodicPts.Defs (4.4s)
✔ [1147/1162] Built Mathlib.Algebra.Group.Subgroup.ZPowers.Basic (2.7s)
✔ [1148/1162] Built Mathlib.GroupTheory.Subgroup.Center (2.7s)
✔ [1149/1163] Built Mathlib.Algebra.Group.Subgroup.Finite (3.8s)
✔ [1150/1164] Built Mathlib.Algebra.GCDMonoid.Nat (2.4s)
✔ [1151/1164] Built Mathlib.Algebra.BigOperators.GroupWithZero.Finset (2.3s)
✔ [1152/1164] Built Mathlib.Algebra.GCDMonoid.Multiset (3.1s)
✔ [1153/1164] Built Mathlib.Order.Interval.Finset.Defs (10s)
✔ [1154/1164] Built Mathlib.Algebra.Group.Subgroup.Actions (2.6s)
✔ [1155/1168] Built Mathlib.Algebra.Group.Action.End (2.4s)
✔ [1156/1168] Built Mathlib.Algebra.GCDMonoid.Finset (3.3s)
✔ [1157/1169] Built Mathlib.Algebra.Group.Pointwise.Set.Lattice (3.9s)
✔ [1158/1170] Built Mathlib.Algebra.Group.Subsemigroup.MulOpposite (3.3s)
✔ [1159/1172] Built Mathlib.Algebra.Group.Action.Pointwise.Set.Basic (6.1s)
✔ [1160/1172] Built Mathlib.Algebra.Group.Submonoid.MulOpposite (3.1s)
✔ [1161/1173] Built Mathlib.Algebra.Group.Idempotent (1.7s)
✔ [1162/1173] Built Mathlib.Order.Interval.Finset.Basic (12s)
✔ [1163/1177] Built Mathlib.Algebra.Group.Subgroup.MulOpposite (2.7s)
✔ [1164/1177] Built Mathlib.Data.Sigma.Lex (1.7s)
✔ [1165/1178] Built Mathlib.GroupTheory.GroupAction.SubMulAction (13s)
✔ [1166/1183] Built Mathlib.Algebra.FreeMonoid.Basic (6.2s)
✔ [1167/1183] Built Mathlib.Algebra.Group.Commutator (1.3s)
✔ [1168/1183] Built Mathlib.Order.Interval.Multiset (2.8s)
✔ [1169/1189] Built Mathlib.Algebra.Group.Subgroup.MulOppositeLemmas (2.9s)
✔ [1170/1190] Built Mathlib.GroupTheory.Subsemigroup.Centralizer (1.0s)
✔ [1171/1190] Built Mathlib.Algebra.Group.Action.Prod (3.2s)
✔ [1172/1190] Built Mathlib.Algebra.GroupWithZero.Pointwise.Set.Basic (2.2s)
✔ [1173/1190] Built Mathlib.Order.Interval.Finset.Nat (4.7s)
✔ [1174/1190] Built Mathlib.GroupTheory.Submonoid.Centralizer (2.1s)
✔ [1175/1194] Built Mathlib.Algebra.GroupWithZero.Action.Basic (2.5s)
✔ [1176/1194] Built Mathlib.Algebra.Group.Submonoid.Membership (8.7s)
✔ [1177/1194] Built Mathlib.Order.Lattice.Nat (3.5s)
✔ [1178/1194] Built Mathlib.Algebra.Quotient (2.4s)
✔ [1179/1194] Built Mathlib.Algebra.GroupWithZero.Action.Pointwise.Set (3.9s)
✔ [1180/1194] Built Mathlib.GroupTheory.Subgroup.Centralizer (5.1s)
✔ [1181/1198] Built Mathlib.Dynamics.PeriodicPts.Lemmas (3.5s)
✔ [1182/1198] Built Mathlib.Order.OrderIsoNat (3.8s)
✔ [1183/1198] Built Mathlib.GroupTheory.Coset.Defs (4.7s)
✔ [1184/1198] Built Mathlib.Order.WellQuasiOrder (3.3s)
✔ [1185/1198] Built Mathlib.Data.Set.Card (15s)
✔ [1186/1202] Built Mathlib.GroupTheory.GroupAction.ConjAct (4.1s)
✔ [1187/1205] Built Mathlib.Algebra.GroupWithZero.Action.Opposite (1.4s)
✔ [1188/1207] Built Mathlib.Algebra.Regular.Opposite (2.1s)
✔ [1189/1207] Built Mathlib.GroupTheory.Congruence.Defs (7.5s)
✔ [1190/1207] Built Mathlib.Data.Finite.Sigma (2.1s)
✔ [1191/1208] Built Mathlib.Order.WellFoundedSet (6.7s)
✔ [1192/1210] Built Mathlib.Algebra.Module.Opposite (1.4s)
✔ [1193/1210] Built Mathlib.GroupTheory.Coset.Basic (8.3s)
✔ [1194/1210] Built Mathlib.GroupTheory.Congruence.Hom (4.2s)
✔ [1195/1210] Built Mathlib.Data.Nat.Log (4.2s)
✔ [1196/1210] Built Mathlib.Algebra.Module.Torsion.Free (3.6s)
✔ [1197/1214] Built Mathlib.Algebra.Group.Submonoid.Pointwise (4.9s)
✔ [1198/1214] Built Mathlib.Data.Nat.Prime.Pow (1.7s)
✔ [1199/1214] Built Mathlib.GroupTheory.Coset.Card (4.3s)
✔ [1200/1214] Built Mathlib.GroupTheory.GroupAction.Basic (6.1s)
✔ [1201/1214] Built Mathlib.Algebra.GroupWithZero.Submonoid.Pointwise (2.8s)
✔ [1202/1215] Built Mathlib.Algebra.Group.Subgroup.Pointwise (7.5s)
✔ [1203/1215] Built Mathlib.GroupTheory.QuotientGroup.Defs (8.1s)
✔ [1204/1215] Built Mathlib.Algebra.Ring.CharZero (2.2s)
✔ [1205/1218] Built Mathlib.Order.Interval.Set.SuccPred (3.7s)
✔ [1206/1218] Built Mathlib.Algebra.IsPrimePow (2.6s)
✔ [1207/1218] Built Mathlib.Algebra.GroupWithZero.Subgroup (3.2s)
✔ [1208/1218] Built Mathlib.Algebra.Order.Antidiag.Prod (3.0s)
✔ [1209/1218] Built Mathlib.Order.Interval.Finset.SuccPred (4.2s)
✔ [1210/1221] Built Mathlib.Data.List.NatAntidiagonal (2.6s)
✔ [1211/1224] Built Mathlib.Algebra.BigOperators.Ring.List (1.9s)
✔ [1212/1226] Built Mathlib.Algebra.Order.Interval.Finset.SuccPred (3.8s)
✔ [1213/1226] Built Mathlib.Data.List.Prime (2.0s)
✔ [1214/1231] Built Mathlib.Data.Multiset.NatAntidiagonal (1.6s)
✔ [1215/1231] Built Mathlib.GroupTheory.QuotientGroup.Basic (10s)
✔ [1216/1231] Built Mathlib.Data.Nat.Prime.Infinite (1.5s)
✔ [1217/1231] Built Mathlib.GroupTheory.Commutator.Basic (11s)
✔ [1218/1232] Built Mathlib.Order.Interval.Set.Infinite (1.8s)
✔ [1219/1232] Built Mathlib.Tactic.FinCases (2.2s)
✔ [1220/1233] Built Mathlib.Data.Finset.NatAntidiagonal (3.1s)
✔ [1221/1233] Built Mathlib.Data.Nat.Factors (3.0s)
✔ [1222/1236] Built Mathlib.Algebra.Order.Archimedean.Defs (1.9s)
✔ [1223/1236] Built Mathlib.Data.Nat.PrimeFin (2.2s)
✔ [1224/1237] Built Mathlib.Algebra.Field.Opposite (2.8s)
✔ [1225/1237] Built Mathlib.Data.Int.LeastGreatest (1.6s)
✔ [1226/1238] Built Mathlib.GroupTheory.GroupAction.Quotient (7.0s)
✔ [1227/1238] Built Mathlib.Algebra.Order.Floor.Defs (5.1s)
✔ [1228/1240] Built Mathlib.Tactic.FieldSimp.Attr (990ms)
✔ [1229/1246] Built Mathlib.Tactic.Abel (7.4s)
✔ [1230/1247] Built Mathlib.Util.DischargerAsTactic (1.3s)
✔ [1231/1249] Built Mathlib.Algebra.Order.Floor.Semiring (6.6s)
✔ [1232/1249] Built Mathlib.Tactic.FieldSimp.Lemmas (5.8s)
✔ [1233/1251] Built Mathlib.NumberTheory.Divisors (15s)
✔ [1234/1251] Built Mathlib.Tactic.FieldSimp.Discharger (2.0s)
✔ [1235/1252] Built Mathlib.Algebra.Order.Group.Basic (2.2s)
✔ [1236/1255] Built Mathlib.GroupTheory.Index (14s)
✔ [1237/1261] Built Mathlib.Algebra.Order.Ring.Pow (3.2s)
✔ [1238/1263] Built Mathlib.Order.Filter.Defs (5.7s)
✔ [1239/1267] Built Mathlib.Order.Interval.Set.Disjoint (5.6s)
✔ [1240/1274] Built Mathlib.Order.Interval.Set.OrderIso (2.3s)
✔ [1241/1274] Built Mathlib.Algebra.Order.Group.Action.Synonym (1.9s)
✔ [1242/1274] Built Mathlib.Order.Filter.Basic (8.0s)
✔ [1243/1274] Built Mathlib.Tactic.Ring.Compare (4.2s)
✔ [1244/1274] Built Mathlib.Algebra.Order.GroupWithZero.Action.Synonym (2.2s)
✔ [1245/1274] Built Mathlib.Order.Filter.AtTopBot.Defs (2.6s)
✔ [1246/1274] Built Mathlib.Tactic.FieldSimp (23s)
✔ [1247/1274] Built Mathlib.Order.Filter.Map (7.1s)
✔ [1248/1274] Built Mathlib.Order.Filter.AtTopBot.Disjoint (2.1s)
✔ [1249/1274] Built Mathlib.Tactic.Field (3.2s)
✔ [1250/1274] Built Mathlib.Order.Filter.Tendsto (2.9s)
✔ [1251/1274] Built Mathlib.Algebra.Order.Module.Defs (17s)
✔ [1252/1274] Built Mathlib.Order.Filter.Bases.Basic (8.7s)
✔ [1253/1274] Built Mathlib.GroupTheory.OrderOfElement (35s)
✔ [1254/1274] Built Mathlib.Order.Filter.AtTopBot.Map (2.2s)
✔ [1255/1277] Built Mathlib.Order.Filter.AtTopBot.Tendsto (2.8s)
✔ [1256/1277] Built Mathlib.Tactic.LinearCombination.Lemmas (4.3s)
✔ [1257/1277] Built Mathlib.Algebra.Order.Floor.Ring (16s)
✔ [1258/1277] Built Mathlib.Order.Filter.AtTopBot.Basic (7.6s)
✔ [1259/1277] Built Mathlib.Order.Filter.AtTopBot.Monoid (5.2s)
✔ [1260/1280] Built Mathlib.Algebra.Module.RingHom (2.7s)
✔ [1261/1282] Built Mathlib.Tactic.LinearCombination (5.2s)
✔ [1262/1282] Built Mathlib.Data.ZMod.Basic (13s)
✔ [1263/1283] Built Mathlib.Order.Filter.AtTopBot.Group (4.3s)
✔ [1264/1283] Built Mathlib.Algebra.Order.Round (6.0s)
✔ [1265/1283] Built Mathlib.Algebra.Order.Nonneg.Module (2.7s)
✔ [1266/1283] Built Mathlib.Algebra.Order.Group.Pointwise.Bounds (3.7s)
✔ [1267/1283] Built Mathlib.Data.ZMod.IntUnitsPower (3.4s)
✔ [1268/1285] Built Mathlib.Order.Filter.AtTopBot.Ring (2.2s)
✔ [1269/1285] Built Mathlib.Order.ConditionallyCompleteLattice.Group (2.1s)
✔ [1270/1285] Built Mathlib.Algebra.Ring.NegOnePow (3.2s)
✔ [1271/1285] Built Mathlib.Order.Filter.AtTopBot.Field (3.8s)
✔ [1272/1289] Built Mathlib.Data.Rat.Floor (9.0s)
✔ [1273/1289] Built Mathlib.Algebra.Order.Group.Pointwise.CompleteLattice (8.8s)
✔ [1274/1289] Built Mathlib.Data.FunLike.IsApply (2.3s)
✔ [1275/1289] Built Mathlib.Algebra.Field.NegOnePow (2.2s)
✔ [1276/1289] Built Mathlib.Algebra.Module.LinearMap.Defs (17s)
✔ [1277/1289] Built Mathlib.Algebra.Ring.Periodic (5.0s)
✔ [1278/1289] Built Mathlib.Algebra.QuadraticDiscriminant (4.1s)
✔ [1279/1289] Built Mathlib.Algebra.GroupWithZero.Action.Pi (2.4s)
✔ [1280/1294] Built Mathlib.Algebra.Module.Pi (2.0s)
✔ [1281/1295] Built Mathlib.Data.FunLike.Group (3.9s)
✔ [1282/1295] Built Mathlib.Algebra.Algebra.Defs (4.3s)
✔ [1283/1298] Built Mathlib.Tactic.Finiteness (3.5s)
✔ [1284/1302] Built Mathlib.Algebra.Order.Archimedean.Basic (8.8s)
✔ [1285/1302] Built Mathlib.Data.FunLike.Module (2.4s)
✔ [1286/1302] Built Mathlib.Order.Interval.Set.OrdConnectedComponent (2.7s)
✔ [1287/1302] Built Mathlib.Algebra.Field.Periodic (4.9s)
✔ [1288/1303] Built Mathlib.Algebra.Order.Archimedean.Real.Basic (5.0s)
✔ [1289/1303] Built Mathlib.Order.Filter.Prod (6.7s)
✔ [1290/1303] Built Mathlib.Order.Filter.Finite (5.3s)
✔ [1291/1303] Built Mathlib.Order.OrdContinuous (2.4s)
✔ [1292/1304] Built Mathlib.Order.Interval.Set.Pi (4.7s)
✔ [1293/1306] Built Mathlib.Order.Filter.Lift (3.5s)
✔ [1294/1306] Built Mathlib.Order.Filter.Bases.Finite (2.5s)
✔ [1295/1307] Built Mathlib.Order.Filter.SmallSets (2.2s)
✔ [1296/1307] Built Mathlib.Algebra.FiniteSupport.Defs (1.7s)
✔ [1297/1307] Built Mathlib.Data.Set.Finite.Lemmas (2.6s)
✔ [1298/1309] Built Mathlib.Data.Fin.VecNotation (6.1s)
✔ [1299/1311] Built Mathlib.Data.NNReal.Defs (10s)
✔ [1300/1311] Built Mathlib.Order.Filter.Ker (1.8s)
✔ [1301/1312] Built Mathlib.Order.Filter.CountablyGenerated (2.9s)
✔ [1302/1312] Built Mathlib.Order.Filter.Interval (5.5s)
✔ [1303/1312] Built Mathlib.Order.Heyting.Boundary (2.3s)
✔ [1304/1312] Built Mathlib.Order.Filter.Pi (3.7s)
✔ [1305/1314] Built Mathlib.Order.Filter.Curry (1.5s)
✔ [1306/1317] Built Mathlib.Tactic.Continuity.Init (1.4s)
✔ [1307/1317] Built Mathlib.Order.Filter.Cofinite (3.4s)
✔ [1308/1337] Built Mathlib.Tactic.Continuity (1.3s)
✔ [1309/1337] Built Mathlib.Data.ENNReal.Basic (7.4s)
✔ [1310/1341] Built Mathlib.Util.DelabNonCanonical (1.1s)
✔ [1311/1341] Built Mathlib.Data.Set.Constructions (2.0s)
✔ [1312/1341] Built Mathlib.Order.Filter.AtTopBot.Finite (3.2s)
✔ [1313/1341] Built Mathlib.Topology.Defs.Basic (2.2s)
✔ [1314/1341] Built Mathlib.Analysis.Normed.Group.Seminorm (11s)
✔ [1315/1341] Built Mathlib.Data.ENNReal.Real (4.3s)
✔ [1316/1342] Built Mathlib.Topology.ContinuousMap.Defs (1.6s)
✔ [1317/1342] Built Mathlib.Order.Filter.AtTopBot.Prod (1.0s)
✔ [1318/1347] Built Mathlib.Topology.Defs.Filter (3.2s)
✔ [1319/1348] Built Mathlib.Data.Finset.Order (1.9s)
✔ [1320/1348] Built Mathlib.Order.Filter.AtTopBot.CountablyGenerated (2.6s)
✔ [1321/1348] Built Mathlib.Topology.Basic (2.8s)
✔ [1322/1348] Built Mathlib.Data.ENNReal.Operations (7.3s)
✔ [1323/1352] Built Mathlib.Topology.Bornology.Basic (3.4s)
✔ [1324/1355] Built Mathlib.Topology.Defs.Induced (2.2s)
✔ [1325/1358] Built Mathlib.Order.ModularLattice (5.6s)
✔ [1326/1358] Built Mathlib.Topology.WithTopology (2.4s)
✔ [1327/1361] Built Mathlib.Topology.Closure (4.5s)
✔ [1328/1361] Built Mathlib.Tactic.TautoSet (1.9s)
✔ [1329/1361] Built Mathlib.Data.Set.Functor (3.9s)
✔ [1330/1361] Built Mathlib.Topology.Neighborhoods (4.5s)
✔ [1331/1361] Built Mathlib.Data.EReal.Basic (9.6s)
✔ [1332/1364] Built Mathlib.Data.Set.Subset (2.4s)
✔ [1333/1373] Built Mathlib.Topology.NhdsSet (2.7s)
✔ [1334/1373] Built Mathlib.Order.Atoms (13s)
✔ [1335/1373] Built Mathlib.Order.UpperLower.Fibration (3.1s)
✔ [1336/1375] Built Mathlib.Topology.ClusterPt (5.4s)
✔ [1337/1375] Built Mathlib.Order.ZornAtoms (1.6s)
✔ [1338/1375] Built Mathlib.Topology.Continuous (3.0s)
✔ [1339/1375] Built Mathlib.Data.Fintype.Order (3.3s)
✔ [1340/1377] Built Mathlib.Order.UpperLower.CompleteLattice (7.3s)
✔ [1341/1377] Built Mathlib.Order.Filter.CountableInter (3.2s)
✔ [1342/1377] Built Mathlib.Topology.Separation.SeparatedNhds (3.0s)
✔ [1343/1377] Built Mathlib.Order.Filter.Ultrafilter.Defs (3.8s)
✔ [1344/1383] Built Mathlib.Order.PartialSups (4.2s)
✔ [1345/1383] Built Mathlib.Data.Set.BoolIndicator (1.8s)
✔ [1346/1383] Built Mathlib.Order.UpperLower.Principal (3.1s)
✔ [1347/1383] Built Mathlib.Topology.Order (6.4s)
✔ [1348/1384] Built Mathlib.Topology.Defs.Ultrafilter (1.5s)
✔ [1349/1384] Built Mathlib.Order.Filter.Ultrafilter.Basic (2.4s)
✔ [1350/1384] Built Mathlib.Order.SetAccumulate (1.9s)
✔ [1351/1385] Built Mathlib.Order.SuccPred.Relation (1.9s)
✔ [1352/1388] Built Mathlib.Algebra.BigOperators.Group.Finset.Pi (1.9s)
✔ [1353/1389] Built Mathlib.Topology.Ultrafilter (2.4s)
✔ [1354/1389] Built Mathlib.Order.UpperLower.Closure (4.4s)
✔ [1355/1394] Built Mathlib.Data.Multiset.Antidiagonal (2.4s)
✔ [1356/1394] Built Mathlib.Topology.Maps.Basic (5.4s)
✔ [1357/1394] Built Mathlib.Data.Multiset.Sections (2.4s)
✔ [1358/1397] Built Mathlib.Algebra.Order.BigOperators.GroupWithZero.List (1.9s)
✔ [1359/1398] Built Mathlib.Algebra.Order.BigOperators.GroupWithZero.Finset (3.4s)
✔ [1360/1398] Built Mathlib.Algebra.Order.BigOperators.Ring.List (1.7s)
✔ [1361/1398] Built Mathlib.Algebra.BigOperators.Ring.Multiset (2.1s)
✔ [1362/1398] Built Mathlib.Topology.Maps.OpenQuotient (2.2s)
✔ [1363/1399] Built Mathlib.Algebra.Order.BigOperators.GroupWithZero.Multiset (1.9s)
✔ [1364/1399] Built Mathlib.Algebra.NoZeroSMulDivisors.Defs (1.8s)
✔ [1365/1399] Built Mathlib.Tactic.Group (2.2s)
✔ [1366/1399] Built Mathlib.Algebra.Order.BigOperators.Ring.Multiset (2.1s)
✔ [1367/1399] Built Mathlib.Algebra.NoZeroSMulDivisors.Basic (1.0s)
✔ [1368/1400] Built Mathlib.Algebra.BigOperators.Ring.Finset (4.4s)
✔ [1369/1404] Built Mathlib.Topology.Homeomorph.Defs (5.6s)
✔ [1370/1404] Built Mathlib.Algebra.Order.Module.Field (4.1s)
✔ [1371/1411] Built Mathlib.Algebra.Order.BigOperators.Ring.Finset (8.8s)
✔ [1372/1412] Built Mathlib.Data.ENNReal.Inv (12s)
✔ [1373/1412] Built Mathlib.Algebra.BigOperators.Group.Finset.Lemmas (2.4s)
✔ [1374/1420] Built Mathlib.Data.Rel (14s)
✔ [1375/1420] Built Mathlib.Topology.Constructions.SumProd (12s)
✔ [1376/1420] Built Mathlib.Algebra.Group.Indicator (4.4s)
✔ [1377/1420] Built Mathlib.Data.Rel.Separated (1.5s)
✔ [1378/1422] Built Mathlib.Data.List.Find (1.7s)
✔ [1379/1422] Built Mathlib.Algebra.BigOperators.Pi (4.8s)
✔ [1380/1422] Built Mathlib.Data.Rel.Cover (1.6s)
✔ [1381/1423] Built Mathlib.Data.Multiset.Find (2.3s)
✔ [1382/1424] Built Mathlib.Data.Finsupp.Defs (5.1s)
✔ [1383/1424] Built Mathlib.Topology.UniformSpace.Defs (6.3s)
✔ [1384/1425] Built Mathlib.Algebra.Notation.FiniteSupport (1.5s)
✔ [1385/1427] Built Mathlib.Topology.Constructions (10s)
✔ [1386/1427] Built Mathlib.Topology.UniformSpace.OfFun (2.5s)
✔ [1387/1427] Built Mathlib.Data.Finsupp.Single (4.3s)
✔ [1388/1427] Built Mathlib.Algebra.Order.Group.Indicator (3.4s)
✔ [1389/1431] Built Mathlib.Algebra.GroupWithZero.Indicator (2.2s)
✔ [1390/1431] Built Mathlib.Algebra.Module.Basic (3.0s)
✔ [1391/1431] Built Mathlib.Data.Finsupp.Indicator (2.9s)
✔ [1392/1432] Built Mathlib.Topology.NhdsWithin (5.5s)
✔ [1393/1432] Built Mathlib.Algebra.Group.Hom.End (1.5s)
✔ [1394/1432] Built Mathlib.Algebra.Module.Equiv.Defs (20s)
✔ [1395/1435] Built Mathlib.Algebra.FiniteSupport.Basic (3.8s)
✔ [1396/1437] Built Mathlib.Algebra.Group.Finsupp (5.8s)
✔ [1397/1437] Built Mathlib.Algebra.Module.End (2.1s)
✔ [1398/1437] Built Mathlib.Algebra.Group.Pointwise.Set.ListOfFn (2.6s)
✔ [1399/1438] Built Mathlib.Algebra.Algebra.Rat (2.6s)
✔ [1400/1438] Built Mathlib.Topology.ContinuousOn (6.2s)
✔ [1401/1438] Built Mathlib.Data.Finsupp.Ext (1.9s)
✔ [1402/1441] Built Mathlib.Algebra.BigOperators.Group.Finset.Indicator (2.0s)
✔ [1403/1441] Built Mathlib.Data.Finset.Lattice.Prod (3.1s)
✔ [1404/1441] Built Mathlib.Algebra.Order.Nonneg.Floor (1.6s)
✔ [1405/1441] Built Mathlib.Topology.Inseparable (7.0s)
✔ [1406/1441] Built Mathlib.Topology.UniformSpace.Basic (9.5s)
✔ [1407/1441] Built Mathlib.Topology.Bases (10s)
✔ [1408/1441] Built Mathlib.Topology.Clopen (2.5s)
✔ [1409/1441] Built Mathlib.Topology.Piecewise (3.3s)
✔ [1410/1442] Built Mathlib.Topology.LocallyFinite (3.4s)
✔ [1411/1442] Built Mathlib.Topology.Order.LeftRight (3.6s)
✔ [1412/1442] Built Mathlib.Algebra.BigOperators.Finprod (19s)
✔ [1413/1442] Built Mathlib.Topology.Compactness.Compact (11s)
✔ [1414/1442] Built Mathlib.Algebra.Order.Module.Pointwise (3.2s)
✔ [1415/1442] Built Mathlib.Data.Finset.NAry (6.2s)
✔ [1416/1442] Built Mathlib.Algebra.BigOperators.GroupWithZero.Action (4.3s)
✔ [1417/1442] Built Mathlib.Algebra.BigOperators.Finsupp.Basic (10s)
✔ [1418/1443] Built Mathlib.Topology.Compactness.LocallyFinite (1.0s)
✔ [1419/1443] Built Mathlib.Topology.Compactness.LocallyCompact (2.0s)
✔ [1420/1443] Built Mathlib.Data.Real.Pointwise (2.0s)
✔ [1421/1443] Built Mathlib.Topology.EMetricSpace.Defs (9.4s)
✔ [1422/1443] Built Mathlib.Topology.UniformSpace.Compact (3.3s)
✔ [1423/1443] Built Mathlib.Topology.Compactness.SigmaCompact (4.0s)
✔ [1424/1445] Built Mathlib.Topology.Separation.Basic (8.6s)
✔ [1425/1445] Built Mathlib.Topology.Compactness.Lindelof (6.0s)
✔ [1426/1455] Built Mathlib.Logic.Equiv.Fin.Basic (4.2s)
✔ [1427/1455] Built Mathlib.Topology.MetricSpace.Pseudo.Defs (13s)
✔ [1428/1458] Built Mathlib.Algebra.Group.Pointwise.Finset.Basic (18s)
✔ [1429/1458] Built Mathlib.Topology.DiscreteSubset (8.1s)
✔ [1430/1461] Built Mathlib.Topology.UniformSpace.DiscreteUniformity (2.2s)
✔ [1431/1461] Built Mathlib.Topology.GDelta.Basic (3.7s)
✔ [1432/1463] Built Mathlib.Topology.MetricSpace.Defs (3.4s)
✔ [1433/1463] Built Mathlib.Topology.Bornology.Constructions (3.5s)
✔ [1434/1468] Built Mathlib.Topology.Baire.Lemmas (4.3s)
✔ [1435/1468] Built Mathlib.Topology.Irreducible (5.9s)
✔ [1436/1474] Built Mathlib.Algebra.BigOperators.Expect (7.5s)
✔ [1437/1474] Built Mathlib.Order.Filter.AtTopBot.CompleteLattice (2.9s)
✔ [1438/1476] Built Mathlib.Data.ENNReal.Lemmas (3.0s)
✔ [1439/1476] Built Mathlib.Topology.MetricSpace.Pseudo.Constructions (5.6s)
✔ [1440/1477] Built Mathlib.Topology.Separation.Hausdorff (6.5s)
✔ [1441/1477] Built Mathlib.Data.NNReal.Basic (4.3s)
✔ [1442/1477] Built Mathlib.Algebra.Group.EvenFunction (3.2s)
✔ [1443/1479] Built Mathlib.Logic.Encodable.Lattice (2.7s)
✔ [1444/1480] Built Mathlib.Order.Filter.AtTopBot.Finset (2.5s)
✔ [1445/1480] Built Mathlib.Order.Filter.NAry (2.7s)
✔ [1446/1483] Built Mathlib.Algebra.Torsor.Defs (2.8s)
✔ [1447/1486] Built Mathlib.Topology.Algebra.Support (6.1s)
✔ [1448/1490] Built Mathlib.Algebra.GroupWithZero.ULift (1.5s)
✔ [1449/1490] Built Mathlib.Data.Set.UnionLift (2.1s)
✔ [1450/1490] Built Mathlib.Topology.Order.OrderClosed (8.7s)
✔ [1451/1490] Built Mathlib.Topology.Algebra.Monoid.Defs (2.8s)
✔ [1452/1490] Built Mathlib.Algebra.Module.ULift (3.0s)
✔ [1453/1490] Built Mathlib.Topology.ContinuousMap.Basic (5.1s)
✔ [1454/1494] Built Mathlib.Order.Filter.Pointwise (10s)
✔ [1455/1496] Built Mathlib.Topology.Algebra.Group.Defs (4.0s)
✔ [1456/1498] Built Mathlib.Topology.Connected.Basic (6.8s)
✔ [1457/1498] Built Mathlib.Order.Filter.IsBounded (7.6s)
✔ [1458/1498] Built Mathlib.Algebra.BigOperators.Group.Finset.Preimage (4.4s)
✔ [1459/1498] Built Mathlib.Topology.Order.Basic (17s)
✔ [1460/1499] Built Mathlib.Order.Filter.AtTopBot.BigOperators (5.6s)
✔ [1461/1503] Built Mathlib.Order.Hom.CompleteLattice (10s)
✔ [1462/1503] Built Mathlib.Topology.Connected.Clopen (13s)
✔ [1463/1507] Built Mathlib.Algebra.Order.Interval.Set.Monoid (4.4s)
✔ [1464/1507] Built Mathlib.Algebra.Group.Submonoid.Units (13s)
✔ [1465/1507] Built Mathlib.Topology.Order.LeftRightNhds (16s)
✔ [1466/1507] Built Mathlib.Topology.Connected.LocallyConnected (4.1s)
✔ [1467/1507] Built Mathlib.Order.LiminfLimsup (18s)
✔ [1468/1507] Built Mathlib.Topology.Connected.TotallyDisconnected (6.6s)
✔ [1469/1507] Built Mathlib.Topology.Separation.Regular (9.9s)
✔ [1470/1507] Built Mathlib.Topology.Order.T5 (3.6s)
✔ [1471/1507] Built Mathlib.Topology.Order.IsLUB (9.6s)
✔ [1472/1512] Built Mathlib.Topology.Algebra.InfiniteSum.SummationFilter (8.8s)
✔ [1473/1512] Built Mathlib.Topology.UniformSpace.Separation (3.8s)
✔ [1474/1512] Built Mathlib.Topology.DenseEmbedding (4.6s)
✔ [1475/1512] Built Mathlib.Topology.Order.Real (2.5s)
✔ [1476/1512] Built Mathlib.Topology.Order.DenselyOrdered (5.8s)
✔ [1477/1512] Built Mathlib.RingTheory.NonUnitalSubsemiring.Defs (4.8s)
✔ [1478/1512] Built Mathlib.Algebra.Order.Group.Pointwise.Interval (24s)
✔ [1479/1513] Built Mathlib.Topology.Algebra.InfiniteSum.Defs (8.4s)
✔ [1480/1513] Built Mathlib.Topology.MetricSpace.Pseudo.Lemmas (3.2s)
✔ [1481/1513] Built Mathlib.Topology.Homeomorph.Lemmas (7.3s)
✔ [1482/1513] Built Mathlib.Analysis.Normed.Group.Defs (6.9s)
✔ [1483/1514] Built Mathlib.RingTheory.NonUnitalSubring.Defs (4.2s)
✔ [1484/1514] Built Mathlib.Algebra.Ring.Action.Subobjects (1.6s)
✔ [1485/1515] Built Mathlib.Algebra.Ring.Subsemiring.Defs (4.6s)
✔ [1486/1516] Built Mathlib.Topology.Maps.Proper.Basic (2.9s)
✔ [1487/1516] Built Mathlib.Topology.Algebra.Constructions (4.2s)
✔ [1488/1517] Built Mathlib.Algebra.Group.Subsemigroup.Membership (2.6s)
✔ [1489/1517] Built Mathlib.Algebra.GroupWithZero.Center (1.5s)
✔ [1490/1518] Built Mathlib.Algebra.Ring.Subring.Defs (5.3s)
✔ [1491/1518] Built Mathlib.Topology.Algebra.InfiniteSum.Basic (11s)
✔ [1492/1521] Built Mathlib.Algebra.Ring.Center (2.5s)
✔ [1493/1521] Built Mathlib.Algebra.Group.Subsemigroup.Operations (8.7s)
✔ [1494/1523] Built Mathlib.Algebra.Ring.Centralizer (1.0s)
✔ [1495/1526] Built Mathlib.Topology.UniformSpace.Cauchy (7.9s)
✔ [1496/1526] Built Mathlib.Algebra.Ring.Submonoid.Basic (1.6s)
✔ [1497/1526] Built Mathlib.Algebra.Field.Subfield.Defs (5.1s)
✔ [1498/1529] Built Mathlib.Topology.Algebra.ConstMulAction (13s)
✔ [1499/1529] Built Mathlib.Topology.UniformSpace.UniformEmbedding (6.5s)
✔ [1500/1531] Built Mathlib.Topology.UniformSpace.UniformConvergence (5.9s)
✔ [1501/1531] Built Mathlib.Topology.Algebra.ContinuousMonoidHom (10s)
✔ [1502/1531] Built Mathlib.RingTheory.NonUnitalSubsemiring.Basic (8.5s)
✔ [1503/1533] Built Mathlib.Order.Filter.Extr (5.4s)
✔ [1504/1533] Built Mathlib.Topology.UniformSpace.Pi (3.3s)
✔ [1505/1533] Built Mathlib.Topology.Algebra.MulAction (6.8s)
✔ [1506/1533] Built Mathlib.Topology.UniformSpace.LocallyUniformConvergence (3.0s)
✔ [1507/1533] Built Mathlib.Topology.Algebra.Order.Group (4.6s)
✔ [1508/1534] Built Mathlib.Topology.Order.LocalExtr (5.9s)
✔ [1509/1534] Built Mathlib.Topology.Order.MonotoneConvergence (5.2s)
✔ [1510/1534] Built Mathlib.RingTheory.NonUnitalSubring.Basic (10s)
✔ [1511/1534] Built Mathlib.Topology.Metrizable.Basic (2.4s)
✔ [1512/1534] Built Mathlib.Algebra.Ring.Subsemiring.Basic (12s)
✔ [1513/1537] Built Mathlib.Algebra.BigOperators.NatAntidiagonal (2.0s)
✔ [1514/1537] Built Mathlib.Data.Finset.Fin (3.0s)
✔ [1515/1541] Built Mathlib.Topology.EMetricSpace.Basic (9.2s)
✔ [1516/1544] Built Mathlib.Topology.EMetricSpace.Pi (4.1s)
✔ [1517/1544] Built Mathlib.Topology.Algebra.Monoid (15s)
✔ [1518/1544] Built Mathlib.Order.Interval.Set.Fin (8.5s)
✔ [1519/1544] Built Mathlib.Data.Fintype.Pigeonhole (2.2s)
✔ [1520/1544] Built Mathlib.Topology.MetricSpace.Pseudo.Basic (5.4s)
✔ [1521/1544] Built Mathlib.Algebra.Order.Interval.Finset.Basic (2.3s)
✔ [1522/1544] Built Mathlib.Topology.MetricSpace.Pseudo.Pi (3.7s)
✔ [1523/1544] Built Mathlib.Algebra.Ring.Subring.Basic (17s)
✔ [1524/1549] Built Mathlib.Topology.Algebra.GroupWithZero (4.6s)
✔ [1525/1549] Built Mathlib.Order.SuccPred.LinearLocallyFinite (5.0s)
✔ [1526/1550] Built Mathlib.Topology.MetricSpace.Basic (4.7s)
✔ [1527/1550] Built Mathlib.Algebra.Ring.Aut (2.2s)
✔ [1528/1550] Built Mathlib.Order.Interval.Finset.Fin (9.0s)
✔ [1529/1551] Built Mathlib.Algebra.Star.Basic (6.1s)
✔ [1530/1551] Built Mathlib.Order.Disjointed (5.1s)
✔ [1531/1551] Built Mathlib.Data.EReal.Operations (12s)
✔ [1532/1551] Built Mathlib.Topology.Algebra.Star (2.3s)
✔ [1533/1551] Built Mathlib.Topology.Algebra.Group.Basic (24s)
✔ [1534/1551] Built Mathlib.Topology.Order.Bornology (2.7s)
✔ [1535/1551] Built Mathlib.Algebra.Order.BigOperators.Group.LocallyFinite (3.3s)
✔ [1536/1552] Built Mathlib.Topology.Algebra.Group.GroupTopology (3.5s)
✔ [1537/1552] Built Mathlib.Analysis.Normed.Group.Basic (22s)
✔ [1538/1553] Built Mathlib.Topology.Algebra.Group.Pointwise (7.2s)
✔ [1539/1554] Built Mathlib.Algebra.BigOperators.Intervals (6.5s)
✔ [1540/1555] Built Mathlib.Tactic.Order.CollectFacts (3.8s)
✔ [1541/1560] Built Mathlib.Analysis.Normed.Group.Real (3.1s)
✔ [1542/1560] Built Mathlib.Topology.Algebra.Ring.Basic (5.0s)
✔ [1543/1561] Built Mathlib.Topology.Algebra.IsUniformGroup.Defs (11s)
✔ [1544/1561] Built Mathlib.Tactic.Order.Graph.Basic (1.7s)
✔ [1545/1562] Built Mathlib.Tactic.Order.Preprocessing (2.7s)
✔ [1546/1562] Built Mathlib.Algebra.Ring.GeomSum (5.1s)
✔ [1547/1562] Built Mathlib.Tactic.Order.ToInt (3.4s)
✔ [1548/1565] Built Mathlib.Tactic.Order.Graph.Tarjan (1.7s)
✔ [1549/1565] Built Mathlib.Topology.Algebra.Field (4.9s)
✔ [1550/1566] Built Mathlib.Topology.MetricSpace.ProperSpace (2.7s)
✔ [1551/1566] Built Mathlib.Topology.MetricSpace.Cauchy (2.9s)
✔ [1552/1568] Built Mathlib.Topology.Algebra.InfiniteSum.Group (7.3s)
✔ [1553/1568] Built Mathlib.Topology.EMetricSpace.Diam (3.7s)
✔ [1554/1568] Built Mathlib.Tactic.Order (4.2s)
✔ [1555/1568] Built Mathlib.Data.Int.Interval (4.1s)
✔ [1556/1570] Built Mathlib.Topology.Algebra.Order.Field (5.9s)
✔ [1557/1571] Built Mathlib.Data.Int.ConditionallyCompleteOrder (1.8s)
✔ [1558/1571] Built Mathlib.Topology.Instances.Discrete (1.0s)
✔ [1559/1575] Built Mathlib.Topology.Algebra.InfiniteSum.NatInt (9.4s)
✔ [1560/1575] Built Mathlib.Order.Filter.AtTopBot.Archimedean (4.4s)
✔ [1561/1575] Built Mathlib.Topology.Order.Monotone (6.2s)
✔ [1562/1579] Built Mathlib.Topology.Order.MonotoneContinuity (3.5s)
✔ [1563/1579] Built Mathlib.Topology.UniformSpace.Real (2.3s)
✔ [1564/1579] Built Mathlib.Algebra.Ring.Torsion (1.4s)
✔ [1565/1582] Built Mathlib.Topology.Algebra.InfiniteSum.Order (6.5s)
✔ [1566/1584] Built Mathlib.Algebra.GroupWithZero.Action.Hom (2.2s)
✔ [1567/1584] Built Mathlib.Topology.Order.IntermediateValue (10s)
✔ [1568/1584] Built Mathlib.GroupTheory.GroupAction.DomAct.Basic (5.3s)
✔ [1569/1586] Built Mathlib.Algebra.Module.Torsion.Pi (1.9s)
✔ [1570/1586] Built Mathlib.Data.Complex.Basic (10s)
✔ [1571/1586] Built Mathlib.Topology.Algebra.InfiniteSum.Constructions (26s)
✔ [1572/1589] Built Mathlib.Algebra.Module.Hom (2.7s)
✔ [1573/1589] Built Mathlib.Algebra.Module.Equiv.Opposite (2.6s)
✔ [1574/1589] Built Mathlib.Algebra.Module.LinearMap.Basic (3.8s)
✔ [1575/1591] Built Mathlib.Topology.Order.Compact (5.4s)
✔ [1576/1591] Built Mathlib.Algebra.GroupWithZero.Action.Prod (2.0s)
✔ [1577/1591] Built Mathlib.Topology.Algebra.InfiniteSum.Ring (4.6s)
✔ [1578/1597] Built Mathlib.Algebra.Module.Prod (1.4s)
✔ [1579/1599] Built Mathlib.Algebra.Group.PUnit (1.4s)
✔ [1580/1601] Built Mathlib.Algebra.Module.Submodule.Defs (5.0s)
✔ [1581/1601] Built Mathlib.Topology.MetricSpace.Bounded (7.2s)
✔ [1582/1601] Built Mathlib.Algebra.Ring.PUnit (1.1s)
✔ [1583/1601] Built Mathlib.Algebra.Module.LinearMap.End (7.5s)
✔ [1584/1601] Built Mathlib.Algebra.Ring.Hom.InjSurj (1.1s)
✔ [1585/1601] Built Mathlib.Algebra.Module.Submodule.Basic (2.5s)
✔ [1586/1601] Built Mathlib.Topology.Bornology.Real (2.1s)
✔ [1587/1601] Built Mathlib.Topology.Instances.Int (2.4s)
✔ [1588/1602] Built Mathlib.Algebra.Module.PUnit (1.7s)
✔ [1589/1605] Built Mathlib.Topology.Algebra.Ring.Real (2.8s)
✔ [1590/1605] Built Mathlib.Algebra.Module.Submodule.LinearMap (4.9s)
✔ [1591/1610] Built Mathlib.Topology.Instances.NNReal.Lemmas (3.8s)
✔ [1592/1613] Built Mathlib.Algebra.Module.Submodule.Lattice (7.3s)
✔ [1593/1613] Built Mathlib.GroupTheory.Congruence.Basic (5.5s)
✔ [1594/1614] Built Mathlib.GroupTheory.Congruence.Opposite (1.7s)
✔ [1595/1614] Built Mathlib.RingTheory.Congruence.Defs (6.2s)
✔ [1596/1614] Built Mathlib.Analysis.Real.Sqrt (7.3s)
✔ [1597/1615] Built Mathlib.Algebra.Module.Submodule.RestrictScalars (4.2s)
✔ [1598/1616] Built Mathlib.Algebra.BigOperators.Balance (2.9s)
✔ [1599/1618] Built Mathlib.Algebra.Module.Rat (4.8s)
✔ [1600/1618] Built Mathlib.Algebra.Module.Equiv.Basic (23s)
✔ [1601/1619] Built Mathlib.Analysis.Complex.Norm (7.2s)
✔ [1602/1619] Built Mathlib.Algebra.Module.Submodule.Map (13s)
✔ [1603/1622] Built Mathlib.Algebra.Module.Torsion.Field (1.4s)
✔ [1604/1622] Built Mathlib.Algebra.Order.Module.Rat (2.5s)
✔ [1605/1623] Built Mathlib.Algebra.Order.Group.Opposite (1.9s)
✔ [1606/1623] Built Mathlib.Algebra.Star.Rat (1.7s)
✔ [1607/1623] Built Mathlib.Analysis.Complex.Order (3.2s)
✔ [1608/1623] Built Mathlib.Tactic.ContinuousFunctionalCalculus (1.3s)
✔ [1609/1627] Built Mathlib.Algebra.Module.Submodule.Ker (5.2s)
✔ [1610/1627] Built Mathlib.Algebra.Star.StarRingHom (5.4s)
✔ [1611/1627] Built Mathlib.Algebra.GroupWithZero.Idempotent (1.6s)
✔ [1612/1629] Built Mathlib.Algebra.Order.BigOperators.Expect (6.8s)
✔ [1613/1629] Built Mathlib.Algebra.Ring.Idempotent (2.5s)
✔ [1614/1632] Built Mathlib.Analysis.Normed.Group.Int (2.9s)
✔ [1615/1633] Built Mathlib.Algebra.Star.SelfAdjoint (8.1s)
✔ [1616/1633] Built Mathlib.Algebra.Algebra.Basic (8.5s)
✔ [1617/1634] Built Mathlib.Algebra.BigOperators.WithTop (2.5s)
✔ [1618/1634] Built Mathlib.Analysis.Normed.Group.Subgroup (3.2s)
✔ [1619/1634] Built Mathlib.Algebra.Star.StarProjection (2.6s)
✔ [1620/1635] Built Mathlib.Data.ENNReal.BigOperators (4.2s)
✔ [1621/1635] Built Mathlib.Topology.Order.LiminfLimsup (8.7s)
✔ [1622/1635] Built Mathlib.Topology.EMetricSpace.Lipschitz (6.5s)
✔ [1623/1636] Built Mathlib.Algebra.Algebra.Hom (7.8s)
✔ [1624/1636] Built Mathlib.Data.Rat.Encodable (1.5s)
✔ [1625/1642] Built Mathlib.Topology.MetricSpace.Pseudo.Real (2.0s)
✔ [1626/1642] Built Mathlib.Data.Fintype.Lattice (1.0s)
✔ [1627/1645] Built Mathlib.Topology.UniformSpace.CompleteSeparated (1.9s)
✔ [1628/1645] Built Mathlib.RingTheory.Congruence.Basic (5.3s)
✔ [1629/1645] Built Mathlib.Topology.MetricSpace.Antilipschitz (3.7s)
✔ [1630/1651] Built Mathlib.Algebra.Order.Star.Basic (8.0s)
✔ [1631/1651] Built Mathlib.Topology.Metrizable.Uniformity (4.5s)
✔ [1632/1652] Built Mathlib.Topology.Defs.Sequences (1.7s)
✔ [1633/1654] Built Mathlib.RingTheory.Congruence.Opposite (1.8s)
✔ [1634/1654] Built Mathlib.Topology.UniformSpace.UniformApproximation (3.2s)
✔ [1635/1654] Built Mathlib.Topology.Coherent (2.9s)
✔ [1636/1654] Built Mathlib.Topology.UniformSpace.Equiv (4.4s)
✔ [1637/1654] Built Mathlib.Topology.MetricSpace.Isometry (7.2s)
✔ [1638/1654] Built Mathlib.Topology.Sequences (3.6s)
✔ [1639/1654] Built Mathlib.Topology.Algebra.IsUniformGroup.Constructions (3.3s)
✔ [1640/1654] Built Mathlib.RingTheory.TwoSidedIdeal.Basic (4.3s)
✔ [1641/1657] Built Mathlib.Topology.MetricSpace.ProperSpace.Real (1.0s)
✔ [1642/1657] Built Mathlib.Topology.Algebra.Group.Quotient (3.6s)
✔ [1643/1658] Built Mathlib.RingTheory.TwoSidedIdeal.Lattice (3.1s)
✔ [1644/1658] Built Mathlib.Topology.UniformSpace.UniformConvergenceTopology (10s)
✔ [1645/1658] Built Mathlib.Algebra.Module.Submodule.Range (9.3s)
✔ [1646/1658] Built Mathlib.Topology.Instances.ENNReal.Lemmas (11s)
✔ [1647/1658] Built Mathlib.RingTheory.TwoSidedIdeal.Kernel (2.9s)
✔ [1648/1658] Built Mathlib.RingTheory.SimpleRing.Defs (2.1s)
✔ [1649/1659] Built Mathlib.LinearAlgebra.Span.Defs (11s)
✔ [1650/1659] Built Mathlib.Algebra.Module.Submodule.EqLocus (2.8s)
✔ [1651/1659] Built Mathlib.Algebra.Module.LinearMap.DivisionRing (2.1s)
✔ [1652/1659] Built Mathlib.RingTheory.SimpleRing.Basic (2.6s)
✔ [1653/1662] Built Mathlib.Topology.UniformSpace.Equicontinuity (6.2s)
✔ [1654/1663] Built Mathlib.Algebra.Algebra.IsSimpleRing (1.9s)
✔ [1655/1663] Built Mathlib.Algebra.Group.Fin.Tuple (2.6s)
✔ [1656/1665] Built Mathlib.Analysis.Normed.Group.Continuity (7.5s)
✔ [1657/1665] Built Mathlib.Topology.UniformSpace.HeineCantor (2.4s)
✔ [1658/1666] Built Mathlib.Algebra.Ring.Action.Group (1.0s)
✔ [1659/1666] Built Mathlib.Algebra.Group.Graph (5.7s)
✔ [1660/1666] Built Mathlib.Algebra.GroupWithZero.NonZeroDivisors (4.9s)
✔ [1661/1669] Built Mathlib.Algebra.Module.Submodule.Equiv (6.2s)
✔ [1662/1674] Built Mathlib.Order.Closure (4.5s)
✔ [1663/1674] Built Mathlib.Algebra.Module.Submodule.Pointwise (6.8s)
✔ [1664/1676] Built Mathlib.Topology.Algebra.IsUniformGroup.Basic (14s)
✔ [1665/1676] Built Mathlib.Data.Finite.Set (2.1s)
✔ [1666/1680] Built Mathlib.Order.SupIndep (9.2s)
✔ [1667/1680] Built Mathlib.Algebra.Algebra.Equiv (15s)
✔ [1668/1680] Built Mathlib.Order.SupClosed (8.0s)
✔ [1669/1680] Built Mathlib.LinearAlgebra.Quotient.Defs (5.4s)
✔ [1670/1683] Built Mathlib.LinearAlgebra.GeneralLinearGroup.Basic (3.0s)
✔ [1671/1690] Built Mathlib.Algebra.Algebra.Prod (3.2s)
✔ [1672/1693] Built Mathlib.Data.Rat.BigOperators (2.1s)
✔ [1673/1693] Built Mathlib.Data.Finsupp.SMulWithZero (2.8s)
✔ [1674/1696] Built Mathlib.Order.Sublattice (6.9s)
✔ [1675/1696] Built Mathlib.Data.FunLike.Ring (3.1s)
✔ [1676/1696] Built Mathlib.Order.CompactlyGenerated.Basic (7.3s)
✔ [1677/1700] Built Mathlib.Algebra.Module.Submodule.Invariant (4.6s)
✔ [1678/1703] Built Mathlib.Topology.UniformSpace.AbstractCompletion (5.3s)
✔ [1679/1703] Built Mathlib.Order.Interval.Set.ProjIcc (3.9s)
✔ [1680/1703] Built Mathlib.Topology.Bornology.Hom (3.4s)
✔ [1681/1703] Built Mathlib.LinearAlgebra.Span.Basic (12s)
✔ [1682/1705] Built Mathlib.Topology.UniformSpace.Completion (6.6s)
✔ [1683/1705] Built Mathlib.Topology.MetricSpace.Lipschitz (6.1s)
✔ [1684/1707] Built Mathlib.Data.Finsupp.Basic (18s)
✔ [1685/1707] Built Mathlib.Topology.Algebra.UniformMulAction (4.2s)
✔ [1686/1707] Built Mathlib.Algebra.Algebra.Opposite (5.7s)
✔ [1687/1707] Built Mathlib.Data.Finsupp.SMul (3.6s)
✔ [1688/1707] Built Mathlib.Data.Finsupp.Option (3.9s)
✔ [1689/1707] Built Mathlib.Topology.MetricSpace.IsometricSMul (12s)
✔ [1690/1711] Built Mathlib.Algebra.Algebra.Pi (5.0s)
✔ [1691/1714] Built Mathlib.LinearAlgebra.Prod (16s)
✔ [1692/1714] Built Mathlib.Algebra.Algebra.Tower (8.3s)
✔ [1693/1714] Built Mathlib.Analysis.Normed.Group.Constructions (8.2s)
✔ [1694/1714] Built Mathlib.LinearAlgebra.Finsupp.Defs (9.4s)
✔ [1695/1714] Built Mathlib.Analysis.Normed.Group.Submodule (2.6s)
✔ [1696/1720] Built Mathlib.Algebra.Algebra.RestrictScalars (2.7s)
✔ [1697/1720] Built Mathlib.Algebra.Algebra.NonUnitalHom (11s)
✔ [1698/1721] Built Mathlib.LinearAlgebra.Pi (12s)
✔ [1699/1722] Built Mathlib.Algebra.Group.Subgroup.Order (2.1s)
✔ [1700/1722] Built Mathlib.Topology.Instances.Nat (2.3s)
✔ [1701/1724] Built Mathlib.Algebra.Order.GroupWithZero.Finset (2.3s)
✔ [1702/1724] Built Mathlib.LinearAlgebra.Finsupp.LSum (6.5s)
✔ [1703/1725] Built Mathlib.GroupTheory.Archimedean (3.3s)
✔ [1704/1725] Built Mathlib.LinearAlgebra.Quotient.Basic (8.4s)
✔ [1705/1725] Built Mathlib.Analysis.Normed.Group.Bounded (4.8s)
✔ [1706/1725] Built Mathlib.Topology.MetricSpace.Dilation (4.9s)
✔ [1707/1725] Built Mathlib.Topology.Algebra.Order.Archimedean (3.1s)
✔ [1708/1730] Built Mathlib.LinearAlgebra.Finsupp.Supported (5.1s)
✔ [1709/1730] Built Mathlib.Topology.MetricSpace.DilationEquiv (4.5s)
✔ [1710/1730] Built Mathlib.Topology.Instances.Rat (4.4s)
✔ [1711/1731] Built Mathlib.Algebra.Order.AddTorsor (2.4s)
✔ [1712/1731] Built Mathlib.Analysis.Normed.Group.Rat (2.9s)
✔ [1713/1731] Built Mathlib.Algebra.Algebra.NonUnitalSubalgebra (25s)
✔ [1714/1735] Built Mathlib.LinearAlgebra.Finsupp.LinearCombination (9.8s)
✔ [1715/1735] Built Mathlib.Data.ENNReal.Action (3.3s)
✔ [1716/1735] Built Mathlib.LinearAlgebra.Projection (16s)
✔ [1717/1736] Built Mathlib.Topology.Algebra.Module.Basic (6.4s)
✔ [1718/1740] Built Mathlib.LinearAlgebra.Basis.Defs (11s)
✔ [1719/1741] Built Mathlib.Data.DFinsupp.Defs (11s)
✔ [1720/1741] Built Mathlib.Data.List.Pi (2.1s)
✔ [1721/1741] Built Mathlib.Data.DFinsupp.Ext (1.9s)
✔ [1722/1741] Built Mathlib.Data.DFinsupp.Module (3.2s)
✔ [1723/1741] Built Mathlib.Algebra.Algebra.Subalgebra.Basic (17s)
✔ [1724/1741] Built Mathlib.Data.Fintype.Quotient (2.6s)
✔ [1725/1741] Built Mathlib.LinearAlgebra.Finsupp.SumProd (2.9s)
✔ [1726/1744] Built Mathlib.Data.Finsupp.ToDFinsupp (3.0s)
✔ [1727/1744] Built Mathlib.Data.DFinsupp.Sigma (3.3s)
✔ [1728/1746] Built Mathlib.Data.DFinsupp.BigOperators (9.8s)
✔ [1729/1746] Built Mathlib.Data.Fintype.Fin (2.9s)
✔ [1730/1747] Built Mathlib.Data.DFinsupp.Submonoid (2.9s)
✔ [1731/1749] Built Mathlib.Topology.Algebra.Module.ContinuousLinearMap.Basic (24s)
✔ [1732/1752] Built Mathlib.Analysis.Normed.Ring.Basic (18s)
✔ [1733/1752] Built Mathlib.LinearAlgebra.LinearIndependent.Defs (14s)
✔ [1734/1752] Built Mathlib.Topology.Algebra.SeparationQuotient.Basic (9.4s)
✔ [1735/1752] Built Mathlib.Logic.Equiv.Fin.Rotate (1.0s)
✔ [1736/1753] Built Mathlib.Algebra.BigOperators.Fin (20s)
✔ [1737/1756] Built Mathlib.LinearAlgebra.BilinearMap (24s)
✔ [1738/1756] Built Mathlib.Analysis.Normed.Field.Basic (8.3s)
✔ [1739/1756] Built Mathlib.Topology.MetricSpace.Algebra (7.8s)
✔ [1740/1757] Built Mathlib.Data.Fin.Tuple.Reflection (4.4s)
✔ [1741/1757] Built Mathlib.LinearAlgebra.LinearIndependent.Basic (9.0s)
✔ [1742/1757] Built Mathlib.Topology.Algebra.Module.ContinuousLinearMap.PiProd (8.9s)
✔ [1743/1757] Built Mathlib.Topology.Algebra.Module.ContinuousLinearMap.Restrict (5.4s)
✔ [1744/1757] Built Mathlib.LinearAlgebra.Dual.Defs (9.1s)
✔ [1745/1757] Built Mathlib.Tactic.Module (21s)
✔ [1746/1757] Built Mathlib.Algebra.Star.Pi (1.8s)
✔ [1747/1757] Built Mathlib.Analysis.Normed.MulAction (5.9s)
✔ [1748/1762] Built Mathlib.Algebra.Group.Action.TransferInstance (2.9s)
✔ [1749/1767] Built Mathlib.Algebra.Group.Shrink (3.0s)
✔ [1750/1768] Built Mathlib.Algebra.GroupWithZero.Action.TransferInstance (1.9s)
✔ [1751/1769] Built Mathlib.Analysis.Normed.Group.Uniform (12s)
✔ [1752/1769] Built Mathlib.Algebra.Module.Submodule.Bilinear (4.4s)
✔ [1753/1770] Built Mathlib.Algebra.Module.TransferInstance (4.7s)
✔ [1754/1770] Built Mathlib.LinearAlgebra.LinearIndependent.Lemmas (18s)
✔ [1755/1770] Built Mathlib.Algebra.Group.Pointwise.Set.BigOperators (4.0s)
✔ [1756/1771] Built Mathlib.Analysis.Normed.Ring.Lemmas (6.9s)
✔ [1757/1771] Built Mathlib.Algebra.Module.Submodule.Finsupp (2.9s)
✔ [1758/1771] Built Mathlib.Algebra.Module.Shrink (1.7s)
✔ [1759/1771] Built Mathlib.Algebra.Ring.NonZeroDivisors (2.8s)
✔ [1760/1771] Built Mathlib.Analysis.Normed.Group.Hom (10s)
✔ [1761/1773] Built Mathlib.Analysis.Normed.Field.Lemmas (8.7s)
✔ [1762/1777] Built Mathlib.Algebra.Ring.Submonoid.Pointwise (4.6s)
✔ [1763/1777] Built Mathlib.Topology.Algebra.Module.Equiv (36s)
✔ [1764/1777] Built Mathlib.LinearAlgebra.DFinsupp (13s)
✔ [1765/1777] Built Mathlib.GroupTheory.GroupAction.SubMulAction.Pointwise (3.5s)
✔ [1766/1779] Built Mathlib.Algebra.Order.Kleene (5.2s)
✔ [1767/1779] Built Mathlib.Data.Set.Semiring (3.2s)
✔ [1768/1785] Built Mathlib.Analysis.Normed.Module.Basic (12s)
✔ [1769/1785] Built Mathlib.Algebra.Module.LinearMap.Star (1.8s)
✔ [1770/1785] Built Mathlib.LinearAlgebra.TensorProduct.Defs (13s)
✔ [1771/1785] Built Mathlib.Algebra.Star.Pointwise (2.6s)
✔ [1772/1785] Built Mathlib.Algebra.Star.Prod (1.9s)
✔ [1773/1785] Built Mathlib.Algebra.Star.Module (5.8s)
✔ [1774/1787] Built Mathlib.Algebra.Star.Center (1.8s)
✔ [1775/1789] Built Mathlib.Algebra.Order.SuccPred.WithBot (1.7s)
✔ [1776/1789] Built Mathlib.Data.ENat.Lattice (4.9s)
✔ [1777/1790] Built Mathlib.Algebra.Star.StarAlgHom (17s)
✔ [1778/1790] Built Mathlib.Algebra.Module.BigOperators (2.6s)
✔ [1779/1792] Built Mathlib.LinearAlgebra.TensorProduct.Basic (15s)
✔ [1780/1792] Built Mathlib.Order.RelSeries (13s)
✔ [1781/1792] Built Mathlib.RingTheory.Coprime.Basic (5.6s)
✔ [1782/1793] Built Mathlib.Order.KrullDimension (12s)
✔ [1783/1794] Built Mathlib.Analysis.Normed.Operator.LinearIsometry (53s)
✔ [1784/1794] Built Mathlib.Algebra.Field.IsField (2.5s)
✔ [1785/1802] Built Mathlib.RingTheory.Coprime.Lemmas (4.0s)
✔ [1786/1805] Built Mathlib.LinearAlgebra.TensorProduct.Map (29s)
✔ [1787/1807] Built Mathlib.RingTheory.Ideal.Defs (2.5s)
✔ [1788/1808] Built Mathlib.Data.Nat.Choose.Sum (4.1s)
✔ [1789/1808] Built Mathlib.Tactic.NoncommRing (2.3s)
✔ [1790/1810] Built Mathlib.RingTheory.Ideal.Lattice (2.5s)
✔ [1791/1811] Built Mathlib.Algebra.Algebra.Bilinear (7.1s)
✔ [1792/1811] Built Mathlib.Data.Real.Star (1.8s)
✔ [1793/1811] Built Mathlib.Algebra.Star.MonoidHom (4.1s)
✔ [1794/1811] Built Mathlib.RingTheory.Ideal.Prime (2.5s)
✔ [1795/1811] Built Mathlib.RingTheory.Ideal.Span (4.1s)
✔ [1796/1815] Built Mathlib.Topology.Algebra.Module.Star (5.8s)
✔ [1797/1815] Built Mathlib.Algebra.Star.NonUnitalSubalgebra (45s)
✔ [1798/1816] Built Mathlib.Analysis.Normed.Operator.ContinuousLinearMap (5.5s)
✔ [1799/1816] Built Mathlib.RingTheory.Ideal.Maximal (3.5s)
✔ [1800/1816] Built Mathlib.Algebra.Group.TypeTags.Finite (2.3s)
✔ [1801/1817] Built Mathlib.Data.Complex.BigOperators (2.9s)
✔ [1802/1817] Built Mathlib.Algebra.Group.AddChar (6.4s)
✔ [1803/1818] Built Mathlib.RingTheory.Ideal.Basic (4.7s)
✔ [1804/1819] Built Mathlib.RingTheory.Ideal.Nonunits (3.3s)
✔ [1805/1822] Built Mathlib.Algebra.CharP.Invertible (2.6s)
✔ [1806/1826] Built Mathlib.Analysis.Normed.Ring.Finite (2.5s)
✔ [1807/1826] Built Mathlib.Algebra.Algebra.Operations (16s)
✔ [1808/1826] Built Mathlib.LinearAlgebra.Basis.Basic (4.4s)
✔ [1809/1827] Built Mathlib.Algebra.DirectSum.Basic (10s)
✔ [1810/1830] Built Mathlib.Algebra.Algebra.Subalgebra.Lattice (18s)
✔ [1811/1831] Built Mathlib.GroupTheory.Abelianization.Defs (3.0s)
✔ [1812/1831] Built Mathlib.RingTheory.Ideal.Operations (23s)
✔ [1813/1831] Built Mathlib.Algebra.DirectSum.Module (17s)
✔ [1814/1831] Built Mathlib.LinearAlgebra.TensorProduct.Associator (25s)
✔ [1815/1831] Built Mathlib.Algebra.Algebra.Subalgebra.Tower (3.1s)
✔ [1816/1831] Built Mathlib.Algebra.Algebra.Subalgebra.Directed (4.5s)
✔ [1817/1831] Built Mathlib.Algebra.DirectSum.Finsupp (2.9s)
✔ [1818/1832] Built Mathlib.GroupTheory.FreeGroup.Basic (14s)
✔ [1819/1834] Built Mathlib.RingTheory.Ideal.Maps (16s)
✔ [1820/1834] Built Mathlib.Algebra.MonoidAlgebra.Defs (21s)
✔ [1821/1834] Built Mathlib.GroupTheory.FreeAbelianGroup (7.2s)
✔ [1822/1834] Built Mathlib.Algebra.MonoidAlgebra.Lift (3.7s)
✔ [1823/1835] Built Mathlib.Algebra.Algebra.Spectrum.Basic (8.0s)
✔ [1824/1835] Built Mathlib.Algebra.FreeAbelianGroup.Finsupp (2.9s)
✔ [1825/1837] Built Mathlib.Algebra.Star.Subalgebra (21s)
✔ [1826/1840] Built Mathlib.Algebra.MonoidAlgebra.MapDomain (14s)
✔ [1827/1840] Built Mathlib.Algebra.Star.Unitary (11s)
✔ [1828/1840] Built Mathlib.Algebra.Group.UniqueProds.Basic (9.9s)
✔ [1829/1846] Built Mathlib.Algebra.MonoidAlgebra.Opposite (4.4s)
✔ [1830/1846] Built Mathlib.Data.Multiset.Sort (2.0s)
✔ [1831/1846] Built Mathlib.Data.Finset.Sort (7.2s)
✔ [1832/1847] Built Mathlib.Algebra.MonoidAlgebra.Module (11s)
✔ [1833/1847] Built Mathlib.Analysis.CStarAlgebra.Basic (7.9s)
✔ [1834/1847] Built Mathlib.LinearAlgebra.TensorProduct.Tower (50s)
✔ [1835/1847] Built Mathlib.Data.Finsupp.Fintype (1.6s)
✔ [1836/1847] Built Mathlib.Data.Finite.Sum (1.6s)
✔ [1837/1847] Built Mathlib.Algebra.MonoidAlgebra.NoZeroDivisors (3.0s)
✔ [1838/1848] Built Mathlib.LinearAlgebra.Finsupp.Span (4.1s)
✔ [1839/1848] Built Mathlib.LinearAlgebra.FreeModule.Basic (5.2s)
✔ [1840/1853] Built Mathlib.Algebra.BigOperators.RingEquiv (2.0s)
✔ [1841/1853] Built Mathlib.LinearAlgebra.DirectSum.TensorProduct (10s)
✔ [1842/1853] Built Mathlib.GroupTheory.DedekindFinite (2.6s)
✔ [1843/1853] Built Mathlib.LinearAlgebra.Matrix.Defs (6.5s)
✔ [1844/1858] Built Mathlib.Algebra.Polynomial.Basic (14s)
✔ [1845/1859] Built Mathlib.Data.Matrix.Diagonal (4.1s)
✔ [1846/1859] Built Mathlib.LinearAlgebra.Finsupp.VectorSpace (5.2s)
✔ [1847/1860] Built Mathlib.Algebra.Star.BigOperators (2.6s)
✔ [1848/1861] Built Mathlib.LinearAlgebra.DirectSum.Finsupp (9.8s)
✔ [1849/1861] Built Mathlib.Analysis.RCLike.Basic (25s)
✔ [1850/1861] Built Mathlib.LinearAlgebra.Basis.Prod (3.3s)
✔ [1851/1865] Built Mathlib.LinearAlgebra.Basis.Fin (5.1s)
✔ [1852/1869] Built Mathlib.LinearAlgebra.TensorProduct.Basis (6.5s)
✔ [1853/1869] Built Mathlib.LinearAlgebra.Basis.SMul (6.2s)
✔ [1854/1869] Built Mathlib.LinearAlgebra.StdBasis (5.9s)
✔ [1855/1874] Built Mathlib.Algebra.Order.Monoid.Submonoid (1.6s)
✔ [1856/1875] Built Mathlib.Data.Matrix.Mul (13s)
✔ [1857/1877] Built Mathlib.RingTheory.AlgebraTower (5.5s)
✔ [1858/1877] Built Mathlib.Algebra.Ring.Regular (1.6s)
✔ [1859/1877] Built Mathlib.Algebra.Module.Projective (6.2s)
✔ [1860/1877] Built Mathlib.Topology.Algebra.InfiniteSum.Module (4.6s)
✔ [1861/1878] Built Mathlib.Topology.Algebra.Module.ContinuousLinearMap.RestrictScalars (4.0s)
✔ [1862/1882] Built Mathlib.Topology.Instances.RealVectorSpace (3.2s)
✔ [1863/1882] Built Mathlib.Algebra.Order.Interval.Set.Instances (3.9s)
✔ [1864/1882] Built Mathlib.Data.Real.ENatENNReal (2.6s)
✔ [1865/1882] Built Mathlib.Tactic.Bound (3.5s)
✔ [1866/1885] Built Mathlib.Topology.Algebra.Algebra (13s)
✔ [1867/1885] Built Mathlib.Data.Matrix.Basic (23s)
✔ [1868/1886] Built Mathlib.Analysis.Asymptotics.Defs (21s)
✔ [1869/1887] Built Mathlib.Topology.Algebra.Algebra.Equiv (5.9s)
✔ [1870/1894] Built Mathlib.Logic.Equiv.PartialEquiv (6.5s)
✔ [1871/1894] Built Mathlib.Topology.Algebra.InfiniteSum.ENNReal (19s)
✔ [1872/1894] Built Mathlib.Topology.Compactness.Bases (3.1s)
✔ [1873/1894] Built Mathlib.Order.Copy (3.3s)
✔ [1874/1896] Built Mathlib.Topology.PartialHomeomorph.Defs (2.0s)
✔ [1875/1897] Built Mathlib.Data.Matrix.Basis (7.9s)
✔ [1876/1897] Built Mathlib.Analysis.Normed.Group.InfiniteSum (3.8s)
✔ [1877/1900] Built Mathlib.Topology.PartialHomeomorph.Basic (3.2s)
✔ [1878/1900] Built Mathlib.Topology.OpenPartialHomeomorph.Defs (3.4s)
✔ [1879/1900] Built Mathlib.Algebra.Field.GeomSum (2.7s)
✔ [1880/1900] Built Mathlib.Topology.Sets.Opens (6.4s)
✔ [1881/1900] Built Mathlib.LinearAlgebra.Matrix.StdBasis (2.9s)
✔ [1882/1901] Built Mathlib.Data.Matrix.Composition (4.6s)
✔ [1883/1901] Built Mathlib.Tactic.NormNum.NatFactorial (2.8s)
✔ [1884/1902] Built Mathlib.LinearAlgebra.Matrix.ConjTranspose (5.9s)
✔ [1885/1902] Built Mathlib.Topology.OpenPartialHomeomorph.Basic (3.4s)
✔ [1886/1902] Built Mathlib.Algebra.BigOperators.Module (3.1s)
✔ [1887/1902] Built Mathlib.Tactic.NormNum.BigOperators (6.9s)
✔ [1888/1902] Built Mathlib.Algebra.Order.CauSeq.BigOperators (6.5s)
✔ [1889/1902] Built Mathlib.LinearAlgebra.Matrix.RowCol (4.9s)
✔ [1890/1902] Built Mathlib.Topology.OpenPartialHomeomorph.Continuity (3.7s)
✔ [1891/1903] Built Mathlib.Algebra.Order.Field.Power (5.3s)
✔ [1892/1903] Built Mathlib.Data.Matrix.Block (7.0s)
✔ [1893/1904] Built Mathlib.Algebra.MonoidAlgebra.Support (6.0s)
✔ [1894/1905] Built Mathlib.LinearAlgebra.Matrix.Notation (10s)
✔ [1895/1910] Built Mathlib.Analysis.Complex.Exponential (12s)
✔ [1896/1910] Built Mathlib.Algebra.Polynomial.Coeff (6.6s)
✔ [1897/1910] Built Mathlib.Analysis.Asymptotics.Lemmas (19s)
✔ [1898/1910] Built Mathlib.Data.Nat.Cast.WithTop (2.0s)
✔ [1899/1910] Built Mathlib.Algebra.MonoidAlgebra.Degree (11s)
✔ [1900/1914] Built Mathlib.Analysis.Complex.Trigonometric (12s)
✔ [1901/1923] Built Mathlib.Analysis.Asymptotics.Theta (7.0s)
✔ [1902/1923] Built Mathlib.Data.Nat.WithBot (2.1s)
✔ [1903/1925] Built Mathlib.Algebra.Polynomial.Degree.Defs (6.6s)
✔ [1904/1925] Built Mathlib.Algebra.Polynomial.Monomial (3.3s)
✔ [1905/1927] Built Mathlib.Algebra.Polynomial.Eval.Defs (8.5s)
✔ [1906/1927] Built Mathlib.Algebra.Polynomial.Degree.Operations (8.0s)
✔ [1907/1927] Built Mathlib.Topology.Algebra.InfiniteSum.Real (5.5s)
✔ [1908/1927] Built Mathlib.Algebra.Polynomial.Degree.Monomial (1.0s)
✔ [1909/1928] Built Mathlib.LinearAlgebra.Matrix.ToLin (31s)
✔ [1910/1928] Built Mathlib.Algebra.Polynomial.Eval.Coeff (3.4s)
✔ [1911/1928] Built Mathlib.Topology.Order.Lattice (3.6s)
✔ [1912/1928] Built Mathlib.Algebra.Polynomial.Degree.Domain (2.6s)
✔ [1913/1928] Built Mathlib.Algebra.Polynomial.Degree.SmallDegree (3.9s)
✔ [1914/1928] Built Mathlib.Algebra.Polynomial.Degree.Support (2.5s)
✔ [1915/1928] Built Mathlib.Data.Nat.Factorial.BigOperators (2.0s)
✔ [1916/1928] Built Mathlib.Analysis.Normed.Ring.InfiniteSum (5.4s)
✔ [1917/1934] Built Mathlib.Analysis.Normed.Order.Lattice (4.1s)
✔ [1918/1934] Built Mathlib.Algebra.Polynomial.Degree.Units (2.0s)
✔ [1919/1938] Built Mathlib.Data.Nat.Cast.Order.Field (3.1s)
✔ [1920/1939] Built Mathlib.Algebra.Polynomial.Degree.TrailingDegree (4.3s)
✔ [1921/1940] Built Mathlib.Tactic.ProxyType (4.1s)
✔ [1922/1940] Built Mathlib.Algebra.Polynomial.Eval.Degree (4.3s)
✔ [1923/1940] Built Mathlib.Data.Nat.Choose.Bounds (3.6s)
✔ [1924/1943] Built Mathlib.Order.Filter.AtTopBot.ModEq (2.8s)
✔ [1925/1944] Built Mathlib.Tactic.DeriveFintype (3.7s)
✔ [1926/1944] Built Mathlib.LinearAlgebra.Complex.Module (15s)
✔ [1927/1947] Built Mathlib.Topology.Semicontinuity.Defs (8.1s)
✔ [1928/1947] Built Mathlib.Algebra.Polynomial.Eval.Algebra (2.1s)
✔ [1929/1947] Built Mathlib.Topology.Algebra.MetricSpace.Lipschitz (4.2s)
✔ [1930/1947] Built Mathlib.Data.Sign.Defs (4.6s)
✔ [1931/1947] Built Mathlib.Algebra.Polynomial.Degree.Lemmas (5.8s)
✔ [1932/1947] Built Mathlib.Data.Sign.Basic (5.2s)
✔ [1933/1947] Built Mathlib.RingTheory.Polynomial.Pochhammer (6.4s)
✔ [1934/1949] Built Mathlib.Analysis.Complex.Basic (15s)
✔ [1935/1949] Built Mathlib.Topology.Semicontinuity.Basic (12s)
✔ [1936/1949] Built Mathlib.Analysis.Complex.Asymptotics (3.8s)
✔ [1937/1952] Built Mathlib.Topology.Order.AtTopBotIxx (16s)
✔ [1938/1952] Built Mathlib.LinearAlgebra.Quotient.Card (1.8s)
✔ [1939/1956] Built Mathlib.Data.EReal.Inv (5.9s)
✔ [1940/1956] Built Mathlib.Algebra.Ring.Action.Submonoid (2.0s)
✔ [1941/1956] Built Mathlib.Algebra.Polynomial.EraseLead (6.4s)
✔ [1942/1958] Built Mathlib.Algebra.Ring.Fin (1.4s)
✔ [1943/1958] Built Mathlib.GroupTheory.QuotientGroup.Finite (2.3s)
✔ [1944/1958] Built Mathlib.Algebra.Algebra.Subalgebra.Operations (2.0s)
✔ [1945/1962] Built Mathlib.LinearAlgebra.Isomorphisms (4.6s)
✔ [1946/1962] Built Mathlib.RingTheory.Ideal.Quotient.Defs (6.2s)
✔ [1947/1963] Built Mathlib.Algebra.Polynomial.Reverse (6.0s)
✔ [1948/1963] Built Mathlib.Topology.Instances.EReal.Lemmas (8.7s)
✔ [1949/1963] Built Mathlib.Analysis.Normed.Module.RCLike.Real (6.3s)
✔ [1950/1969] Built Mathlib.Topology.Order.ProjIcc (2.9s)
✔ [1951/1969] Built Mathlib.RingTheory.Ideal.Quotient.Basic (5.9s)
✔ [1952/1969] Built Mathlib.Topology.Hom.ContinuousEvalConst (2.7s)
✔ [1953/1969] Built Mathlib.Algebra.Polynomial.Monic (6.6s)
✔ [1954/1970] Built Mathlib.Topology.Hom.ContinuousEval (2.5s)
✔ [1955/1971] Built Mathlib.Analysis.SpecificLimits.Basic (9.4s)
✔ [1956/1971] Built Mathlib.Data.Int.SuccPred (2.7s)
✔ [1957/1972] Built Mathlib.Topology.UnitInterval (10s)
✔ [1958/1972] Built Mathlib.Topology.CompactOpen (7.3s)
✔ [1959/1974] Built Mathlib.Order.Circular (3.6s)
✔ [1960/1974] Built Mathlib.Algebra.Order.Interval.Set.Group (5.2s)
✔ [1961/1974] Built Mathlib.Topology.MetricSpace.HausdorffDistance (9.7s)
✔ [1962/1976] Built Mathlib.GroupTheory.QuotientGroup.ModEq (2.3s)
✔ [1963/1976] Built Mathlib.Analysis.SpecificLimits.Normed (18s)
✔ [1964/1976] Built Mathlib.Topology.MetricSpace.Thickening (7.8s)
✔ [1965/1977] Built Mathlib.Topology.Path (10s)
✔ [1966/1977] Built Mathlib.RingTheory.Ideal.Quotient.Operations (31s)
✔ [1967/1977] Built Mathlib.Algebra.Group.Units.Opposite (1.8s)
✔ [1968/1977] Built Mathlib.Analysis.SpecialFunctions.Exp (7.1s)
✔ [1969/1977] Built Mathlib.Topology.Connected.PathConnected (7.1s)
✔ [1970/1977] Built Mathlib.Data.Nat.Cast.Field (1.0s)
✔ [1971/1977] Built Mathlib.Analysis.Normed.Group.Pointwise (7.0s)
✔ [1972/1978] Built Mathlib.Algebra.Ring.AddAut (1.7s)
✔ [1973/1980] Built Mathlib.Analysis.Normed.Module.Ball.Pointwise (10s)
✔ [1974/1980] Built Mathlib.Algebra.Order.ToIntervalMod (25s)
✔ [1975/1983] Built Mathlib.Analysis.Normed.Group.Quotient (13s)
✔ [1976/1988] Built Mathlib.Algebra.Order.Group.Finset (3.7s)
✔ [1977/1989] Built Mathlib.Order.Preorder.Finsupp (2.6s)
✔ [1978/1989] Built Mathlib.Algebra.Notation.Lemmas (1.4s)
✔ [1979/1989] Built Mathlib.Analysis.SpecialFunctions.Trigonometric.Basic (15s)
✔ [1980/1995] Built Mathlib.Data.Nat.MaxPowDiv (1.9s)
✔ [1981/1995] Built Mathlib.Algebra.Group.Nat.Range (2.0s)
✔ [1982/2000] Built Mathlib.Algebra.Order.Pi (3.2s)
✔ [1983/2000] Built Mathlib.Data.Finsupp.Multiset (4.2s)
✔ [1984/2000] Built Mathlib.Data.Nat.Count (2.5s)
✔ [1985/2001] Built Mathlib.GroupTheory.Divisible (3.9s)
✔ [1986/2003] Built Mathlib.RingTheory.Multiplicity (8.4s)
✔ [1987/2003] Built Mathlib.Algebra.Group.Subgroup.ZPowers.Lemmas (2.4s)
✔ [1988/2005] Built Mathlib.Algebra.CharZero.Quotient (2.1s)
✔ [1989/2005] Built Mathlib.Data.Finsupp.Order (5.9s)
✔ [1990/2008] Built Mathlib.Data.Nat.Periodic (2.2s)
✔ [1991/2008] Built Mathlib.Topology.Instances.Sign (1.9s)
✔ [1993/2015] Built Mathlib.NumberTheory.Padics.PadicVal.Defs (1.9s)
✔ [1994/2015] Built Mathlib.Algebra.Order.Ring.Interval (1.9s)
✔ [1995/2015] Built Mathlib.Topology.Instances.ZMultiples (2.3s)
✔ [1996/2015] Built Mathlib.Data.Nat.NthRoot.Defs (858ms)
✔ [1997/2015] Built Mathlib.Data.Nat.Factorization.Defs (3.5s)
✔ [1998/2015] Built CathedralArkhe.Applications.ResponsiveLayout (4.2s)
✔ [1999/2015] Built Mathlib.Analysis.SpecialFunctions.Trigonometric.Inverse (6.4s)
✔ [2000/2015] Built Mathlib.Data.Nat.Factorization.Induction (2.5s)
✔ [2001/2015] Built Mathlib.Data.Nat.Factorization.Basic (4.7s)
✔ [2002/2015] Built Mathlib.Analysis.SpecialFunctions.Log.Basic (7.4s)
✔ [2003/2015] Built Mathlib.Data.Nat.Totient (3.0s)
✔ [2004/2015] Built Mathlib.Topology.Instances.AddCircle.Defs (8.4s)
✔ [2005/2015] Built Mathlib.Topology.Instances.AddCircle.Real (2.2s)
✔ [2006/2015] Built Mathlib.Analysis.Normed.Group.AddCircle (4.3s)
✔ [2007/2015] Built Mathlib.Analysis.SpecialFunctions.Trigonometric.Angle (8.7s)
✔ [2008/2015] Built Mathlib.Analysis.SpecialFunctions.Complex.Arg (5.2s)
✔ [2009/2015] Built Mathlib.Analysis.SpecialFunctions.Complex.Log (3.2s)
✔ [2010/2015] Built Mathlib.Analysis.SpecialFunctions.Pow.Complex (3.3s)
✔ [2011/2015] Built Mathlib.Analysis.SpecialFunctions.Pow.Real (7.9s)
✔ [2012/2015] Built CathedralArkhe.Applications.Typography (4.0s)
✔ [2013/2015] Built CathedralArkhe.Applications.MathInCSSJS (4.4s)
✔ [2014/2015] Built CathedralArkhe (2.5s)
Build completed successfully (2015 jobs).
