Kani Rust Verifier 0.67.0 (cargo plugin)
warning: patch `openblas-build v0.10.16 (https://github.com/blas-lapack-rs/openblas-src#98ff41d8)` was not used in the crate graph
warning: patch `openblas-src v0.10.16 (https://github.com/blas-lapack-rs/openblas-src#98ff41d8)` was not used in the crate graph
help: Check that the patched package version and available features are compatible
      with the dependency requirements. If the patch has a different version from
      what is locked in the Cargo.lock file, run `cargo update` to use the new
      version. This may also occur with an optional dependency that is not enabled.
    Finished `dev` profile [unoptimized + debuginfo] target(s) in 0.34s
warning: Found the following unsupported constructs:
             - caller_location (1)
             - foreign function (1)

         Verification will fail if one or more of these constructs is reachable.
         See https://model-checking.github.io/kani/rust-feature-support.html for more details.

Checking harness verification::s11_multiple_metrics_invariants...
CBMC 6.8.0 (cbmc-6.8.0)
CBMC version 6.8.0 (cbmc-6.8.0) 64-bit x86_64 linux
Reading GOTO program from file /app/target/kani/x86_64-unknown-linux-gnu/debug/deps/arkhe_safe_sail-98602e4d1bda6fab__RNvNtCsfIueEYggGpk_15arkhe_safe_sail12verification31s11_multiple_metrics_invariants.out
Generating GOTO Program
Adding CPROVER library (x86_64)
Removal of function pointers and virtual functions
Generic Property Instrumentation
Running with 16 object bits, 48 offset bits (user-specified)
Starting Bounded Model Checking
Unwinding loop _RNvNtCsfIueEYggGpk_15arkhe_safe_sail12verification31s11_multiple_metrics_invariants.0 iteration 1 file arkhe-safe-sail/src/lib.rs line 227 column 9 function verification::s11_multiple_metrics_invariants thread 0
Unwinding loop _RNvNtCsfIueEYggGpk_15arkhe_safe_sail12verification31s11_multiple_metrics_invariants.0 iteration 2 file arkhe-safe-sail/src/lib.rs line 227 column 9 function verification::s11_multiple_metrics_invariants thread 0
Unwinding loop _RNvNtCsfIueEYggGpk_15arkhe_safe_sail12verification31s11_multiple_metrics_invariants.0 iteration 3 file arkhe-safe-sail/src/lib.rs line 227 column 9 function verification::s11_multiple_metrics_invariants thread 0
Unwinding loop _RNvNtCsfIueEYggGpk_15arkhe_safe_sail12verification31s11_multiple_metrics_invariants.0 iteration 4 file arkhe-safe-sail/src/lib.rs line 227 column 9 function verification::s11_multiple_metrics_invariants thread 0
Unwinding loop _RNvNtCsfIueEYggGpk_15arkhe_safe_sail12verification31s11_multiple_metrics_invariants.0 iteration 5 file arkhe-safe-sail/src/lib.rs line 227 column 9 function verification::s11_multiple_metrics_invariants thread 0
Runtime Symex: 0.436459s
size of program expression: 7824 steps
slicing removed 4796 assignments
Generated 1391 VCC(s), 109 remaining after simplification
Runtime Postprocess Equation: 0.00546655s
Passing problem to propositional reduction
converting SSA
Runtime Convert SSA: 0.483166s
Running propositional reduction
Post-processing
Runtime Post-process: 1.2048e-05s
Solving with CaDiCaL 2.0.0
202470 variables, 944469 clauses
SAT checker: instance is SATISFIABLE
Runtime Solver: 0.270836s
Runtime decision procedure: 0.759454s
Running propositional reduction
Solving with CaDiCaL 2.0.0
202471 variables, 944470 clauses
SAT checker: instance is SATISFIABLE
Runtime Solver: 0.648561s
Runtime decision procedure: 0.652219s
Running propositional reduction
Solving with CaDiCaL 2.0.0
202472 variables, 944471 clauses
SAT checker: instance is SATISFIABLE
Runtime Solver: 0.55269s
Runtime decision procedure: 0.555076s
Running propositional reduction
Solving with CaDiCaL 2.0.0

CBMC failed with status 15
VERIFICATION:- FAILED

Manual Harness Summary:
Verification failed for - verification::s11_multiple_metrics_invariants
Complete - 0 successfully verified harnesses, 1 failures, 1 total.
