Kani Rust Verifier 0.67.0 (cargo plugin)
warning: patch `openblas-build v0.10.16 (https://github.com/blas-lapack-rs/openblas-src#98ff41d8)` was not used in the crate graph
warning: patch `openblas-src v0.10.16 (https://github.com/blas-lapack-rs/openblas-src#98ff41d8)` was not used in the crate graph
help: Check that the patched package version and available features are compatible
      with the dependency requirements. If the patch has a different version from
      what is locked in the Cargo.lock file, run `cargo update` to use the new
      version. This may also occur with an optional dependency that is not enabled.
   Compiling arkhe-safe-sail v0.1.0 (/app/arkhe-safe-sail)
warning: unused import: `any`
  --> arkhe-safe-sail/src/lib.rs:75:16
   |
75 |     use kani::{any, assume};
   |                ^^^
   |
   = note: `#[warn(unused_imports)]` (part of `#[warn(unused)]`) on by default

    Finished `dev` profile [unoptimized + debuginfo] target(s) in 0.52s
Checking harness verification::s1_pressure_bounded_by_one...
CBMC 6.8.0 (cbmc-6.8.0)
CBMC version 6.8.0 (cbmc-6.8.0) 64-bit x86_64 linux
Reading GOTO program from file /app/target/kani/x86_64-unknown-linux-gnu/debug/deps/arkhe_safe_sail-15e4f0cf659d79a1__RNvNtCs2vUG4rI1TSp_15arkhe_safe_sail12verification26s1_pressure_bounded_by_one.out
Generating GOTO Program
Adding CPROVER library (x86_64)
Removal of function pointers and virtual functions
Generic Property Instrumentation
Running with 16 object bits, 48 offset bits (user-specified)
Starting Bounded Model Checking
Runtime Symex: 0.0397687s
size of program expression: 948 steps
slicing removed 565 assignments
Generated 137 VCC(s), 5 remaining after simplification
Runtime Postprocess Equation: 0.00042185s
Passing problem to propositional reduction
converting SSA
Runtime Convert SSA: 0.0326434s
Running propositional reduction
Post-processing
Runtime Post-process: 9.453e-06s
Solving with CaDiCaL 2.0.0
14557 variables, 64236 clauses
SAT checker: instance is SATISFIABLE
Runtime Solver: 0.00699077s
Runtime decision procedure: 0.0401696s
Running propositional reduction
Solving with CaDiCaL 2.0.0
14558 variables, 64237 clauses
SAT checker: instance is UNSATISFIABLE
Runtime Solver: 0.0932615s
Runtime decision procedure: 0.0934155s

RESULTS:
Check 1: <std::ops::RangeInclusive<f64> as std::ops::RangeBounds<f64>>::contains::<f64>.unreachable.1
	 - Status: SUCCESS
	 - Description: "unreachable code"
	 - Location: arkhe-safe-sail/src/lib.rs:0:0 in function <std::ops::RangeInclusive<f64> as std::ops::RangeBounds<f64>>::contains::<f64>

Check 2: SecurityMetrics::pressure::{closure#1}.unreachable.1
	 - Status: SUCCESS
	 - Description: "unreachable code"
	 - Location: arkhe-safe-sail/src/lib.rs:22:22 in function SecurityMetrics::pressure::{closure#1}

Check 3: SecurityMetrics::pressure::{closure#3}.assertion.1
	 - Status: SUCCESS
	 - Description: "|result| *result >= 0.0 && *result <= 1.0"
	 - Location: arkhe-safe-sail/src/lib.rs:22:22 in function SecurityMetrics::pressure::{closure#3}

Check 4: verification::s1_pressure_bounded_by_one.assertion.1
	 - Status: SUCCESS
	 - Description: "assertion failed: metrics.pressure() <= 1.0"
	 - Location: arkhe-safe-sail/src/lib.rs:89:9 in function verification::s1_pressure_bounded_by_one

Check 5: SecurityMetrics::pressure::{closure#0}.unreachable.1
	 - Status: SUCCESS
	 - Description: "unreachable code"
	 - Location: arkhe-safe-sail/src/lib.rs:22:22 in function SecurityMetrics::pressure::{closure#0}

Check 6: SecurityMetrics::pressure::{closure#2}.unreachable.1
	 - Status: SUCCESS
	 - Description: "unreachable code"
	 - Location: arkhe-safe-sail/src/lib.rs:22:22 in function SecurityMetrics::pressure::{closure#2}

Check 7: SecurityMetrics::pressure.pointer_dereference.1
	 - Status: SUCCESS
	 - Description: "dereference failure: pointer NULL"
	 - Location: arkhe-safe-sail/src/lib.rs:24:9 in function SecurityMetrics::pressure

Check 8: SecurityMetrics::pressure.pointer_dereference.2
	 - Status: SUCCESS
	 - Description: "dereference failure: pointer invalid"
	 - Location: arkhe-safe-sail/src/lib.rs:24:9 in function SecurityMetrics::pressure

Check 9: SecurityMetrics::pressure.pointer_dereference.3
	 - Status: SUCCESS
	 - Description: "dereference failure: deallocated dynamic object"
	 - Location: arkhe-safe-sail/src/lib.rs:24:9 in function SecurityMetrics::pressure

Check 10: SecurityMetrics::pressure.pointer_dereference.4
	 - Status: SUCCESS
	 - Description: "dereference failure: dead object"
	 - Location: arkhe-safe-sail/src/lib.rs:24:9 in function SecurityMetrics::pressure

Check 11: SecurityMetrics::pressure.pointer_dereference.5
	 - Status: SUCCESS
	 - Description: "dereference failure: pointer outside object bounds"
	 - Location: arkhe-safe-sail/src/lib.rs:24:9 in function SecurityMetrics::pressure

Check 12: SecurityMetrics::pressure.pointer_dereference.6
	 - Status: SUCCESS
	 - Description: "dereference failure: invalid integer address"
	 - Location: arkhe-safe-sail/src/lib.rs:24:9 in function SecurityMetrics::pressure

Check 13: SecurityMetrics::pressure.pointer_dereference.7
	 - Status: SUCCESS
	 - Description: "dereference failure: pointer NULL"
	 - Location: arkhe-safe-sail/src/lib.rs:24:30 in function SecurityMetrics::pressure

Check 14: SecurityMetrics::pressure.pointer_dereference.8
	 - Status: SUCCESS
	 - Description: "dereference failure: pointer invalid"
	 - Location: arkhe-safe-sail/src/lib.rs:24:30 in function SecurityMetrics::pressure

Check 15: SecurityMetrics::pressure.pointer_dereference.9
	 - Status: SUCCESS
	 - Description: "dereference failure: deallocated dynamic object"
	 - Location: arkhe-safe-sail/src/lib.rs:24:30 in function SecurityMetrics::pressure

Check 16: SecurityMetrics::pressure.pointer_dereference.10
	 - Status: SUCCESS
	 - Description: "dereference failure: dead object"
	 - Location: arkhe-safe-sail/src/lib.rs:24:30 in function SecurityMetrics::pressure

Check 17: SecurityMetrics::pressure.pointer_dereference.11
	 - Status: SUCCESS
	 - Description: "dereference failure: pointer outside object bounds"
	 - Location: arkhe-safe-sail/src/lib.rs:24:30 in function SecurityMetrics::pressure

Check 18: SecurityMetrics::pressure.pointer_dereference.12
	 - Status: SUCCESS
	 - Description: "dereference failure: invalid integer address"
	 - Location: arkhe-safe-sail/src/lib.rs:24:30 in function SecurityMetrics::pressure

Check 19: SecurityMetrics::pressure.NaN.1
	 - Status: SUCCESS
	 - Description: "NaN on multiplication"
	 - Location: arkhe-safe-sail/src/lib.rs:24:9 in function SecurityMetrics::pressure

Check 20: std::cmp::impls::<impl std::cmp::PartialOrd for f64>::le.pointer_dereference.1
	 - Status: SUCCESS
	 - Description: "dereference failure: pointer NULL"
	 - Location: ../../home/runner/.rustup/toolchains/nightly-2025-11-21-x86_64-unknown-linux-gnu/lib/rustlib/src/rust/library/core/src/cmp.rs:1905:50 in function std::cmp::impls::<impl std::cmp::PartialOrd for f64>::le

Check 21: std::cmp::impls::<impl std::cmp::PartialOrd for f64>::le.pointer_dereference.2
	 - Status: SUCCESS
	 - Description: "dereference failure: pointer invalid"
	 - Location: ../../home/runner/.rustup/toolchains/nightly-2025-11-21-x86_64-unknown-linux-gnu/lib/rustlib/src/rust/library/core/src/cmp.rs:1905:50 in function std::cmp::impls::<impl std::cmp::PartialOrd for f64>::le

Check 22: std::cmp::impls::<impl std::cmp::PartialOrd for f64>::le.pointer_dereference.3
	 - Status: SUCCESS
	 - Description: "dereference failure: deallocated dynamic object"
	 - Location: ../../home/runner/.rustup/toolchains/nightly-2025-11-21-x86_64-unknown-linux-gnu/lib/rustlib/src/rust/library/core/src/cmp.rs:1905:50 in function std::cmp::impls::<impl std::cmp::PartialOrd for f64>::le

Check 23: std::cmp::impls::<impl std::cmp::PartialOrd for f64>::le.pointer_dereference.4
	 - Status: SUCCESS
	 - Description: "dereference failure: dead object"
	 - Location: ../../home/runner/.rustup/toolchains/nightly-2025-11-21-x86_64-unknown-linux-gnu/lib/rustlib/src/rust/library/core/src/cmp.rs:1905:50 in function std::cmp::impls::<impl std::cmp::PartialOrd for f64>::le

Check 24: std::cmp::impls::<impl std::cmp::PartialOrd for f64>::le.pointer_dereference.5
	 - Status: SUCCESS
	 - Description: "dereference failure: pointer outside object bounds"
	 - Location: ../../home/runner/.rustup/toolchains/nightly-2025-11-21-x86_64-unknown-linux-gnu/lib/rustlib/src/rust/library/core/src/cmp.rs:1905:50 in function std::cmp::impls::<impl std::cmp::PartialOrd for f64>::le

Check 25: std::cmp::impls::<impl std::cmp::PartialOrd for f64>::le.pointer_dereference.6
	 - Status: SUCCESS
	 - Description: "dereference failure: invalid integer address"
	 - Location: ../../home/runner/.rustup/toolchains/nightly-2025-11-21-x86_64-unknown-linux-gnu/lib/rustlib/src/rust/library/core/src/cmp.rs:1905:50 in function std::cmp::impls::<impl std::cmp::PartialOrd for f64>::le

Check 26: std::cmp::impls::<impl std::cmp::PartialOrd for f64>::le.pointer_dereference.7
	 - Status: SUCCESS
	 - Description: "dereference failure: pointer NULL"
	 - Location: ../../home/runner/.rustup/toolchains/nightly-2025-11-21-x86_64-unknown-linux-gnu/lib/rustlib/src/rust/library/core/src/cmp.rs:1905:59 in function std::cmp::impls::<impl std::cmp::PartialOrd for f64>::le

Check 27: std::cmp::impls::<impl std::cmp::PartialOrd for f64>::le.pointer_dereference.8
	 - Status: SUCCESS
	 - Description: "dereference failure: pointer invalid"
	 - Location: ../../home/runner/.rustup/toolchains/nightly-2025-11-21-x86_64-unknown-linux-gnu/lib/rustlib/src/rust/library/core/src/cmp.rs:1905:59 in function std::cmp::impls::<impl std::cmp::PartialOrd for f64>::le

Check 28: std::cmp::impls::<impl std::cmp::PartialOrd for f64>::le.pointer_dereference.9
	 - Status: SUCCESS
	 - Description: "dereference failure: deallocated dynamic object"
	 - Location: ../../home/runner/.rustup/toolchains/nightly-2025-11-21-x86_64-unknown-linux-gnu/lib/rustlib/src/rust/library/core/src/cmp.rs:1905:59 in function std::cmp::impls::<impl std::cmp::PartialOrd for f64>::le

Check 29: std::cmp::impls::<impl std::cmp::PartialOrd for f64>::le.pointer_dereference.10
	 - Status: SUCCESS
	 - Description: "dereference failure: dead object"
	 - Location: ../../home/runner/.rustup/toolchains/nightly-2025-11-21-x86_64-unknown-linux-gnu/lib/rustlib/src/rust/library/core/src/cmp.rs:1905:59 in function std::cmp::impls::<impl std::cmp::PartialOrd for f64>::le

Check 30: std::cmp::impls::<impl std::cmp::PartialOrd for f64>::le.pointer_dereference.11
	 - Status: SUCCESS
	 - Description: "dereference failure: pointer outside object bounds"
	 - Location: ../../home/runner/.rustup/toolchains/nightly-2025-11-21-x86_64-unknown-linux-gnu/lib/rustlib/src/rust/library/core/src/cmp.rs:1905:59 in function std::cmp::impls::<impl std::cmp::PartialOrd for f64>::le

Check 31: std::cmp::impls::<impl std::cmp::PartialOrd for f64>::le.pointer_dereference.12
	 - Status: SUCCESS
	 - Description: "dereference failure: invalid integer address"
	 - Location: ../../home/runner/.rustup/toolchains/nightly-2025-11-21-x86_64-unknown-linux-gnu/lib/rustlib/src/rust/library/core/src/cmp.rs:1905:59 in function std::cmp::impls::<impl std::cmp::PartialOrd for f64>::le

Check 32: SecurityMetrics::pressure::{closure#3}::{closure#0}.pointer_dereference.1
	 - Status: SUCCESS
	 - Description: "dereference failure: pointer NULL"
	 - Location: arkhe-safe-sail/src/lib.rs:24:9 in function SecurityMetrics::pressure::{closure#3}::{closure#0}

Check 33: SecurityMetrics::pressure::{closure#3}::{closure#0}.pointer_dereference.2
	 - Status: SUCCESS
	 - Description: "dereference failure: pointer invalid"
	 - Location: arkhe-safe-sail/src/lib.rs:24:9 in function SecurityMetrics::pressure::{closure#3}::{closure#0}

Check 34: SecurityMetrics::pressure::{closure#3}::{closure#0}.pointer_dereference.3
	 - Status: SUCCESS
	 - Description: "dereference failure: deallocated dynamic object"
	 - Location: arkhe-safe-sail/src/lib.rs:24:9 in function SecurityMetrics::pressure::{closure#3}::{closure#0}

Check 35: SecurityMetrics::pressure::{closure#3}::{closure#0}.pointer_dereference.4
	 - Status: SUCCESS
	 - Description: "dereference failure: dead object"
	 - Location: arkhe-safe-sail/src/lib.rs:24:9 in function SecurityMetrics::pressure::{closure#3}::{closure#0}

Check 36: SecurityMetrics::pressure::{closure#3}::{closure#0}.pointer_dereference.5
	 - Status: SUCCESS
	 - Description: "dereference failure: pointer outside object bounds"
	 - Location: arkhe-safe-sail/src/lib.rs:24:9 in function SecurityMetrics::pressure::{closure#3}::{closure#0}

Check 37: SecurityMetrics::pressure::{closure#3}::{closure#0}.pointer_dereference.6
	 - Status: SUCCESS
	 - Description: "dereference failure: invalid integer address"
	 - Location: arkhe-safe-sail/src/lib.rs:24:9 in function SecurityMetrics::pressure::{closure#3}::{closure#0}

Check 38: SecurityMetrics::pressure::{closure#3}::{closure#0}.pointer_dereference.7
	 - Status: SUCCESS
	 - Description: "dereference failure: pointer NULL"
	 - Location: arkhe-safe-sail/src/lib.rs:24:30 in function SecurityMetrics::pressure::{closure#3}::{closure#0}

Check 39: SecurityMetrics::pressure::{closure#3}::{closure#0}.pointer_dereference.8
	 - Status: SUCCESS
	 - Description: "dereference failure: pointer invalid"
	 - Location: arkhe-safe-sail/src/lib.rs:24:30 in function SecurityMetrics::pressure::{closure#3}::{closure#0}

Check 40: SecurityMetrics::pressure::{closure#3}::{closure#0}.pointer_dereference.9
	 - Status: SUCCESS
	 - Description: "dereference failure: deallocated dynamic object"
	 - Location: arkhe-safe-sail/src/lib.rs:24:30 in function SecurityMetrics::pressure::{closure#3}::{closure#0}

Check 41: SecurityMetrics::pressure::{closure#3}::{closure#0}.pointer_dereference.10
	 - Status: SUCCESS
	 - Description: "dereference failure: dead object"
	 - Location: arkhe-safe-sail/src/lib.rs:24:30 in function SecurityMetrics::pressure::{closure#3}::{closure#0}

Check 42: SecurityMetrics::pressure::{closure#3}::{closure#0}.pointer_dereference.11
	 - Status: SUCCESS
	 - Description: "dereference failure: pointer outside object bounds"
	 - Location: arkhe-safe-sail/src/lib.rs:24:30 in function SecurityMetrics::pressure::{closure#3}::{closure#0}

Check 43: SecurityMetrics::pressure::{closure#3}::{closure#0}.pointer_dereference.12
	 - Status: SUCCESS
	 - Description: "dereference failure: invalid integer address"
	 - Location: arkhe-safe-sail/src/lib.rs:24:30 in function SecurityMetrics::pressure::{closure#3}::{closure#0}

Check 44: SecurityMetrics::pressure::{closure#3}::{closure#0}.NaN.1
	 - Status: SUCCESS
	 - Description: "NaN on multiplication"
	 - Location: arkhe-safe-sail/src/lib.rs:24:9 in function SecurityMetrics::pressure::{closure#3}::{closure#0}

Check 45: std::cmp::impls::<impl std::cmp::PartialOrd for &f64>::lt.pointer_dereference.1
	 - Status: SUCCESS
	 - Description: "dereference failure: pointer NULL"
	 - Location: ../../home/runner/.rustup/toolchains/nightly-2025-11-21-x86_64-unknown-linux-gnu/lib/rustlib/src/rust/library/core/src/cmp.rs:2109:28 in function std::cmp::impls::<impl std::cmp::PartialOrd for &f64>::lt

Check 46: std::cmp::impls::<impl std::cmp::PartialOrd for &f64>::lt.pointer_dereference.2
	 - Status: SUCCESS
	 - Description: "dereference failure: pointer invalid"
	 - Location: ../../home/runner/.rustup/toolchains/nightly-2025-11-21-x86_64-unknown-linux-gnu/lib/rustlib/src/rust/library/core/src/cmp.rs:2109:28 in function std::cmp::impls::<impl std::cmp::PartialOrd for &f64>::lt

Check 47: std::cmp::impls::<impl std::cmp::PartialOrd for &f64>::lt.pointer_dereference.3
	 - Status: SUCCESS
	 - Description: "dereference failure: deallocated dynamic object"
	 - Location: ../../home/runner/.rustup/toolchains/nightly-2025-11-21-x86_64-unknown-linux-gnu/lib/rustlib/src/rust/library/core/src/cmp.rs:2109:28 in function std::cmp::impls::<impl std::cmp::PartialOrd for &f64>::lt

Check 48: std::cmp::impls::<impl std::cmp::PartialOrd for &f64>::lt.pointer_dereference.4
	 - Status: SUCCESS
	 - Description: "dereference failure: dead object"
	 - Location: ../../home/runner/.rustup/toolchains/nightly-2025-11-21-x86_64-unknown-linux-gnu/lib/rustlib/src/rust/library/core/src/cmp.rs:2109:28 in function std::cmp::impls::<impl std::cmp::PartialOrd for &f64>::lt

Check 49: std::cmp::impls::<impl std::cmp::PartialOrd for &f64>::lt.pointer_dereference.5
	 - Status: SUCCESS
	 - Description: "dereference failure: pointer outside object bounds"
	 - Location: ../../home/runner/.rustup/toolchains/nightly-2025-11-21-x86_64-unknown-linux-gnu/lib/rustlib/src/rust/library/core/src/cmp.rs:2109:28 in function std::cmp::impls::<impl std::cmp::PartialOrd for &f64>::lt

Check 50: std::cmp::impls::<impl std::cmp::PartialOrd for &f64>::lt.pointer_dereference.6
	 - Status: SUCCESS
	 - Description: "dereference failure: invalid integer address"
	 - Location: ../../home/runner/.rustup/toolchains/nightly-2025-11-21-x86_64-unknown-linux-gnu/lib/rustlib/src/rust/library/core/src/cmp.rs:2109:28 in function std::cmp::impls::<impl std::cmp::PartialOrd for &f64>::lt

Check 51: std::cmp::impls::<impl std::cmp::PartialOrd for &f64>::lt.pointer_dereference.7
	 - Status: SUCCESS
	 - Description: "dereference failure: pointer NULL"
	 - Location: ../../home/runner/.rustup/toolchains/nightly-2025-11-21-x86_64-unknown-linux-gnu/lib/rustlib/src/rust/library/core/src/cmp.rs:2109:35 in function std::cmp::impls::<impl std::cmp::PartialOrd for &f64>::lt

Check 52: std::cmp::impls::<impl std::cmp::PartialOrd for &f64>::lt.pointer_dereference.8
	 - Status: SUCCESS
	 - Description: "dereference failure: pointer invalid"
	 - Location: ../../home/runner/.rustup/toolchains/nightly-2025-11-21-x86_64-unknown-linux-gnu/lib/rustlib/src/rust/library/core/src/cmp.rs:2109:35 in function std::cmp::impls::<impl std::cmp::PartialOrd for &f64>::lt

Check 53: std::cmp::impls::<impl std::cmp::PartialOrd for &f64>::lt.pointer_dereference.9
	 - Status: SUCCESS
	 - Description: "dereference failure: deallocated dynamic object"
	 - Location: ../../home/runner/.rustup/toolchains/nightly-2025-11-21-x86_64-unknown-linux-gnu/lib/rustlib/src/rust/library/core/src/cmp.rs:2109:35 in function std::cmp::impls::<impl std::cmp::PartialOrd for &f64>::lt

Check 54: std::cmp::impls::<impl std::cmp::PartialOrd for &f64>::lt.pointer_dereference.10
	 - Status: SUCCESS
	 - Description: "dereference failure: dead object"
	 - Location: ../../home/runner/.rustup/toolchains/nightly-2025-11-21-x86_64-unknown-linux-gnu/lib/rustlib/src/rust/library/core/src/cmp.rs:2109:35 in function std::cmp::impls::<impl std::cmp::PartialOrd for &f64>::lt

Check 55: std::cmp::impls::<impl std::cmp::PartialOrd for &f64>::lt.pointer_dereference.11
	 - Status: SUCCESS
	 - Description: "dereference failure: pointer outside object bounds"
	 - Location: ../../home/runner/.rustup/toolchains/nightly-2025-11-21-x86_64-unknown-linux-gnu/lib/rustlib/src/rust/library/core/src/cmp.rs:2109:35 in function std::cmp::impls::<impl std::cmp::PartialOrd for &f64>::lt

Check 56: std::cmp::impls::<impl std::cmp::PartialOrd for &f64>::lt.pointer_dereference.12
	 - Status: SUCCESS
	 - Description: "dereference failure: invalid integer address"
	 - Location: ../../home/runner/.rustup/toolchains/nightly-2025-11-21-x86_64-unknown-linux-gnu/lib/rustlib/src/rust/library/core/src/cmp.rs:2109:35 in function std::cmp::impls::<impl std::cmp::PartialOrd for &f64>::lt

Check 57: std::cmp::impls::<impl std::cmp::PartialOrd for f64>::lt.pointer_dereference.1
	 - Status: SUCCESS
	 - Description: "dereference failure: pointer NULL"
	 - Location: ../../home/runner/.rustup/toolchains/nightly-2025-11-21-x86_64-unknown-linux-gnu/lib/rustlib/src/rust/library/core/src/cmp.rs:1903:50 in function std::cmp::impls::<impl std::cmp::PartialOrd for f64>::lt

Check 58: std::cmp::impls::<impl std::cmp::PartialOrd for f64>::lt.pointer_dereference.2
	 - Status: SUCCESS
	 - Description: "dereference failure: pointer invalid"
	 - Location: ../../home/runner/.rustup/toolchains/nightly-2025-11-21-x86_64-unknown-linux-gnu/lib/rustlib/src/rust/library/core/src/cmp.rs:1903:50 in function std::cmp::impls::<impl std::cmp::PartialOrd for f64>::lt

Check 59: std::cmp::impls::<impl std::cmp::PartialOrd for f64>::lt.pointer_dereference.3
	 - Status: SUCCESS
	 - Description: "dereference failure: deallocated dynamic object"
	 - Location: ../../home/runner/.rustup/toolchains/nightly-2025-11-21-x86_64-unknown-linux-gnu/lib/rustlib/src/rust/library/core/src/cmp.rs:1903:50 in function std::cmp::impls::<impl std::cmp::PartialOrd for f64>::lt

Check 60: std::cmp::impls::<impl std::cmp::PartialOrd for f64>::lt.pointer_dereference.4
	 - Status: SUCCESS
	 - Description: "dereference failure: dead object"
	 - Location: ../../home/runner/.rustup/toolchains/nightly-2025-11-21-x86_64-unknown-linux-gnu/lib/rustlib/src/rust/library/core/src/cmp.rs:1903:50 in function std::cmp::impls::<impl std::cmp::PartialOrd for f64>::lt

Check 61: std::cmp::impls::<impl std::cmp::PartialOrd for f64>::lt.pointer_dereference.5
	 - Status: SUCCESS
	 - Description: "dereference failure: pointer outside object bounds"
	 - Location: ../../home/runner/.rustup/toolchains/nightly-2025-11-21-x86_64-unknown-linux-gnu/lib/rustlib/src/rust/library/core/src/cmp.rs:1903:50 in function std::cmp::impls::<impl std::cmp::PartialOrd for f64>::lt

Check 62: std::cmp::impls::<impl std::cmp::PartialOrd for f64>::lt.pointer_dereference.6
	 - Status: SUCCESS
	 - Description: "dereference failure: invalid integer address"
	 - Location: ../../home/runner/.rustup/toolchains/nightly-2025-11-21-x86_64-unknown-linux-gnu/lib/rustlib/src/rust/library/core/src/cmp.rs:1903:50 in function std::cmp::impls::<impl std::cmp::PartialOrd for f64>::lt

Check 63: std::cmp::impls::<impl std::cmp::PartialOrd for f64>::lt.pointer_dereference.7
	 - Status: SUCCESS
	 - Description: "dereference failure: pointer NULL"
	 - Location: ../../home/runner/.rustup/toolchains/nightly-2025-11-21-x86_64-unknown-linux-gnu/lib/rustlib/src/rust/library/core/src/cmp.rs:1903:59 in function std::cmp::impls::<impl std::cmp::PartialOrd for f64>::lt

Check 64: std::cmp::impls::<impl std::cmp::PartialOrd for f64>::lt.pointer_dereference.8
	 - Status: SUCCESS
	 - Description: "dereference failure: pointer invalid"
	 - Location: ../../home/runner/.rustup/toolchains/nightly-2025-11-21-x86_64-unknown-linux-gnu/lib/rustlib/src/rust/library/core/src/cmp.rs:1903:59 in function std::cmp::impls::<impl std::cmp::PartialOrd for f64>::lt

Check 65: std::cmp::impls::<impl std::cmp::PartialOrd for f64>::lt.pointer_dereference.9
	 - Status: SUCCESS
	 - Description: "dereference failure: deallocated dynamic object"
	 - Location: ../../home/runner/.rustup/toolchains/nightly-2025-11-21-x86_64-unknown-linux-gnu/lib/rustlib/src/rust/library/core/src/cmp.rs:1903:59 in function std::cmp::impls::<impl std::cmp::PartialOrd for f64>::lt

Check 66: std::cmp::impls::<impl std::cmp::PartialOrd for f64>::lt.pointer_dereference.10
	 - Status: SUCCESS
	 - Description: "dereference failure: dead object"
	 - Location: ../../home/runner/.rustup/toolchains/nightly-2025-11-21-x86_64-unknown-linux-gnu/lib/rustlib/src/rust/library/core/src/cmp.rs:1903:59 in function std::cmp::impls::<impl std::cmp::PartialOrd for f64>::lt

Check 67: std::cmp::impls::<impl std::cmp::PartialOrd for f64>::lt.pointer_dereference.11
	 - Status: SUCCESS
	 - Description: "dereference failure: pointer outside object bounds"
	 - Location: ../../home/runner/.rustup/toolchains/nightly-2025-11-21-x86_64-unknown-linux-gnu/lib/rustlib/src/rust/library/core/src/cmp.rs:1903:59 in function std::cmp::impls::<impl std::cmp::PartialOrd for f64>::lt

Check 68: std::cmp::impls::<impl std::cmp::PartialOrd for f64>::lt.pointer_dereference.12
	 - Status: SUCCESS
	 - Description: "dereference failure: invalid integer address"
	 - Location: ../../home/runner/.rustup/toolchains/nightly-2025-11-21-x86_64-unknown-linux-gnu/lib/rustlib/src/rust/library/core/src/cmp.rs:1903:59 in function std::cmp::impls::<impl std::cmp::PartialOrd for f64>::lt

Check 69: SecurityMetrics::pressure::{closure#3}::{closure#1}.pointer_dereference.1
	 - Status: SUCCESS
	 - Description: "dereference failure: pointer NULL"
	 - Location: arkhe-safe-sail/src/lib.rs:22:45 in function SecurityMetrics::pressure::{closure#3}::{closure#1}

Check 70: SecurityMetrics::pressure::{closure#3}::{closure#1}.pointer_dereference.2
	 - Status: SUCCESS
	 - Description: "dereference failure: pointer invalid"
	 - Location: arkhe-safe-sail/src/lib.rs:22:45 in function SecurityMetrics::pressure::{closure#3}::{closure#1}

Check 71: SecurityMetrics::pressure::{closure#3}::{closure#1}.pointer_dereference.3
	 - Status: SUCCESS
	 - Description: "dereference failure: deallocated dynamic object"
	 - Location: arkhe-safe-sail/src/lib.rs:22:45 in function SecurityMetrics::pressure::{closure#3}::{closure#1}

Check 72: SecurityMetrics::pressure::{closure#3}::{closure#1}.pointer_dereference.4
	 - Status: SUCCESS
	 - Description: "dereference failure: dead object"
	 - Location: arkhe-safe-sail/src/lib.rs:22:45 in function SecurityMetrics::pressure::{closure#3}::{closure#1}

Check 73: SecurityMetrics::pressure::{closure#3}::{closure#1}.pointer_dereference.5
	 - Status: SUCCESS
	 - Description: "dereference failure: pointer outside object bounds"
	 - Location: arkhe-safe-sail/src/lib.rs:22:45 in function SecurityMetrics::pressure::{closure#3}::{closure#1}

Check 74: SecurityMetrics::pressure::{closure#3}::{closure#1}.pointer_dereference.6
	 - Status: SUCCESS
	 - Description: "dereference failure: invalid integer address"
	 - Location: arkhe-safe-sail/src/lib.rs:22:45 in function SecurityMetrics::pressure::{closure#3}::{closure#1}

Check 75: SecurityMetrics::pressure::{closure#3}::{closure#1}.pointer_dereference.7
	 - Status: SUCCESS
	 - Description: "dereference failure: pointer NULL"
	 - Location: arkhe-safe-sail/src/lib.rs:22:63 in function SecurityMetrics::pressure::{closure#3}::{closure#1}

Check 76: SecurityMetrics::pressure::{closure#3}::{closure#1}.pointer_dereference.8
	 - Status: SUCCESS
	 - Description: "dereference failure: pointer invalid"
	 - Location: arkhe-safe-sail/src/lib.rs:22:63 in function SecurityMetrics::pressure::{closure#3}::{closure#1}

Check 77: SecurityMetrics::pressure::{closure#3}::{closure#1}.pointer_dereference.9
	 - Status: SUCCESS
	 - Description: "dereference failure: deallocated dynamic object"
	 - Location: arkhe-safe-sail/src/lib.rs:22:63 in function SecurityMetrics::pressure::{closure#3}::{closure#1}

Check 78: SecurityMetrics::pressure::{closure#3}::{closure#1}.pointer_dereference.10
	 - Status: SUCCESS
	 - Description: "dereference failure: dead object"
	 - Location: arkhe-safe-sail/src/lib.rs:22:63 in function SecurityMetrics::pressure::{closure#3}::{closure#1}

Check 79: SecurityMetrics::pressure::{closure#3}::{closure#1}.pointer_dereference.11
	 - Status: SUCCESS
	 - Description: "dereference failure: pointer outside object bounds"
	 - Location: arkhe-safe-sail/src/lib.rs:22:63 in function SecurityMetrics::pressure::{closure#3}::{closure#1}

Check 80: SecurityMetrics::pressure::{closure#3}::{closure#1}.pointer_dereference.12
	 - Status: SUCCESS
	 - Description: "dereference failure: invalid integer address"
	 - Location: arkhe-safe-sail/src/lib.rs:22:63 in function SecurityMetrics::pressure::{closure#3}::{closure#1}

Check 81: std::cmp::impls::<impl std::cmp::PartialOrd for &f64>::le.pointer_dereference.1
	 - Status: SUCCESS
	 - Description: "dereference failure: pointer NULL"
	 - Location: ../../home/runner/.rustup/toolchains/nightly-2025-11-21-x86_64-unknown-linux-gnu/lib/rustlib/src/rust/library/core/src/cmp.rs:2113:28 in function std::cmp::impls::<impl std::cmp::PartialOrd for &f64>::le

Check 82: std::cmp::impls::<impl std::cmp::PartialOrd for &f64>::le.pointer_dereference.2
	 - Status: SUCCESS
	 - Description: "dereference failure: pointer invalid"
	 - Location: ../../home/runner/.rustup/toolchains/nightly-2025-11-21-x86_64-unknown-linux-gnu/lib/rustlib/src/rust/library/core/src/cmp.rs:2113:28 in function std::cmp::impls::<impl std::cmp::PartialOrd for &f64>::le

Check 83: std::cmp::impls::<impl std::cmp::PartialOrd for &f64>::le.pointer_dereference.3
	 - Status: SUCCESS
	 - Description: "dereference failure: deallocated dynamic object"
	 - Location: ../../home/runner/.rustup/toolchains/nightly-2025-11-21-x86_64-unknown-linux-gnu/lib/rustlib/src/rust/library/core/src/cmp.rs:2113:28 in function std::cmp::impls::<impl std::cmp::PartialOrd for &f64>::le

Check 84: std::cmp::impls::<impl std::cmp::PartialOrd for &f64>::le.pointer_dereference.4
	 - Status: SUCCESS
	 - Description: "dereference failure: dead object"
	 - Location: ../../home/runner/.rustup/toolchains/nightly-2025-11-21-x86_64-unknown-linux-gnu/lib/rustlib/src/rust/library/core/src/cmp.rs:2113:28 in function std::cmp::impls::<impl std::cmp::PartialOrd for &f64>::le

Check 85: std::cmp::impls::<impl std::cmp::PartialOrd for &f64>::le.pointer_dereference.5
	 - Status: SUCCESS
	 - Description: "dereference failure: pointer outside object bounds"
	 - Location: ../../home/runner/.rustup/toolchains/nightly-2025-11-21-x86_64-unknown-linux-gnu/lib/rustlib/src/rust/library/core/src/cmp.rs:2113:28 in function std::cmp::impls::<impl std::cmp::PartialOrd for &f64>::le

Check 86: std::cmp::impls::<impl std::cmp::PartialOrd for &f64>::le.pointer_dereference.6
	 - Status: SUCCESS
	 - Description: "dereference failure: invalid integer address"
	 - Location: ../../home/runner/.rustup/toolchains/nightly-2025-11-21-x86_64-unknown-linux-gnu/lib/rustlib/src/rust/library/core/src/cmp.rs:2113:28 in function std::cmp::impls::<impl std::cmp::PartialOrd for &f64>::le

Check 87: std::cmp::impls::<impl std::cmp::PartialOrd for &f64>::le.pointer_dereference.7
	 - Status: SUCCESS
	 - Description: "dereference failure: pointer NULL"
	 - Location: ../../home/runner/.rustup/toolchains/nightly-2025-11-21-x86_64-unknown-linux-gnu/lib/rustlib/src/rust/library/core/src/cmp.rs:2113:35 in function std::cmp::impls::<impl std::cmp::PartialOrd for &f64>::le

Check 88: std::cmp::impls::<impl std::cmp::PartialOrd for &f64>::le.pointer_dereference.8
	 - Status: SUCCESS
	 - Description: "dereference failure: pointer invalid"
	 - Location: ../../home/runner/.rustup/toolchains/nightly-2025-11-21-x86_64-unknown-linux-gnu/lib/rustlib/src/rust/library/core/src/cmp.rs:2113:35 in function std::cmp::impls::<impl std::cmp::PartialOrd for &f64>::le

Check 89: std::cmp::impls::<impl std::cmp::PartialOrd for &f64>::le.pointer_dereference.9
	 - Status: SUCCESS
	 - Description: "dereference failure: deallocated dynamic object"
	 - Location: ../../home/runner/.rustup/toolchains/nightly-2025-11-21-x86_64-unknown-linux-gnu/lib/rustlib/src/rust/library/core/src/cmp.rs:2113:35 in function std::cmp::impls::<impl std::cmp::PartialOrd for &f64>::le

Check 90: std::cmp::impls::<impl std::cmp::PartialOrd for &f64>::le.pointer_dereference.10
	 - Status: SUCCESS
	 - Description: "dereference failure: dead object"
	 - Location: ../../home/runner/.rustup/toolchains/nightly-2025-11-21-x86_64-unknown-linux-gnu/lib/rustlib/src/rust/library/core/src/cmp.rs:2113:35 in function std::cmp::impls::<impl std::cmp::PartialOrd for &f64>::le

Check 91: std::cmp::impls::<impl std::cmp::PartialOrd for &f64>::le.pointer_dereference.11
	 - Status: SUCCESS
	 - Description: "dereference failure: pointer outside object bounds"
	 - Location: ../../home/runner/.rustup/toolchains/nightly-2025-11-21-x86_64-unknown-linux-gnu/lib/rustlib/src/rust/library/core/src/cmp.rs:2113:35 in function std::cmp::impls::<impl std::cmp::PartialOrd for &f64>::le

Check 92: std::cmp::impls::<impl std::cmp::PartialOrd for &f64>::le.pointer_dereference.12
	 - Status: SUCCESS
	 - Description: "dereference failure: invalid integer address"
	 - Location: ../../home/runner/.rustup/toolchains/nightly-2025-11-21-x86_64-unknown-linux-gnu/lib/rustlib/src/rust/library/core/src/cmp.rs:2113:35 in function std::cmp::impls::<impl std::cmp::PartialOrd for &f64>::le

Check 93: <std::ops::RangeInclusive<f64> as std::ops::RangeBounds<f64>>::end_bound.pointer_dereference.1
	 - Status: SUCCESS
	 - Description: "dereference failure: pointer NULL"
	 - Location: ../../home/runner/.rustup/toolchains/nightly-2025-11-21-x86_64-unknown-linux-gnu/lib/rustlib/src/rust/library/core/src/ops/range.rs:1129:12 in function <std::ops::RangeInclusive<f64> as std::ops::RangeBounds<f64>>::end_bound

Check 94: <std::ops::RangeInclusive<f64> as std::ops::RangeBounds<f64>>::end_bound.pointer_dereference.2
	 - Status: SUCCESS
	 - Description: "dereference failure: pointer invalid"
	 - Location: ../../home/runner/.rustup/toolchains/nightly-2025-11-21-x86_64-unknown-linux-gnu/lib/rustlib/src/rust/library/core/src/ops/range.rs:1129:12 in function <std::ops::RangeInclusive<f64> as std::ops::RangeBounds<f64>>::end_bound

Check 95: <std::ops::RangeInclusive<f64> as std::ops::RangeBounds<f64>>::end_bound.pointer_dereference.3
	 - Status: SUCCESS
	 - Description: "dereference failure: deallocated dynamic object"
	 - Location: ../../home/runner/.rustup/toolchains/nightly-2025-11-21-x86_64-unknown-linux-gnu/lib/rustlib/src/rust/library/core/src/ops/range.rs:1129:12 in function <std::ops::RangeInclusive<f64> as std::ops::RangeBounds<f64>>::end_bound

Check 96: <std::ops::RangeInclusive<f64> as std::ops::RangeBounds<f64>>::end_bound.pointer_dereference.4
	 - Status: SUCCESS
	 - Description: "dereference failure: dead object"
	 - Location: ../../home/runner/.rustup/toolchains/nightly-2025-11-21-x86_64-unknown-linux-gnu/lib/rustlib/src/rust/library/core/src/ops/range.rs:1129:12 in function <std::ops::RangeInclusive<f64> as std::ops::RangeBounds<f64>>::end_bound

Check 97: <std::ops::RangeInclusive<f64> as std::ops::RangeBounds<f64>>::end_bound.pointer_dereference.5
	 - Status: SUCCESS
	 - Description: "dereference failure: pointer outside object bounds"
	 - Location: ../../home/runner/.rustup/toolchains/nightly-2025-11-21-x86_64-unknown-linux-gnu/lib/rustlib/src/rust/library/core/src/ops/range.rs:1129:12 in function <std::ops::RangeInclusive<f64> as std::ops::RangeBounds<f64>>::end_bound

Check 98: <std::ops::RangeInclusive<f64> as std::ops::RangeBounds<f64>>::end_bound.pointer_dereference.6
	 - Status: SUCCESS
	 - Description: "dereference failure: invalid integer address"
	 - Location: ../../home/runner/.rustup/toolchains/nightly-2025-11-21-x86_64-unknown-linux-gnu/lib/rustlib/src/rust/library/core/src/ops/range.rs:1129:12 in function <std::ops::RangeInclusive<f64> as std::ops::RangeBounds<f64>>::end_bound


SUMMARY:
 ** 0 of 98 failed

VERIFICATION:- SUCCESSFUL
Verification Time: 0.25119984s

Manual Harness Summary:
Complete - 1 successfully verified harnesses, 0 failures, 1 total.
